Archive member included to satisfy reference by file (symbol)

/home/deh/launchpad/gcc-arm-none-eabi-5_4-2016q3/bin/../lib/gcc/arm-none-eabi/5.4.1/../../../../arm-none-eabi/lib/armv7e-m/fpu/libc.a(lib_a-calloc.o)
                              build/SerialTaskSend.o (calloc)
/home/deh/launchpad/gcc-arm-none-eabi-5_4-2016q3/bin/../lib/gcc/arm-none-eabi/5.4.1/../../../../arm-none-eabi/lib/armv7e-m/fpu/libc.a(lib_a-callocr.o)
                              /home/deh/launchpad/gcc-arm-none-eabi-5_4-2016q3/bin/../lib/gcc/arm-none-eabi/5.4.1/../../../../arm-none-eabi/lib/armv7e-m/fpu/libc.a(lib_a-calloc.o) (_calloc_r)
/home/deh/launchpad/gcc-arm-none-eabi-5_4-2016q3/bin/../lib/gcc/arm-none-eabi/5.4.1/../../../../arm-none-eabi/lib/armv7e-m/fpu/libc.a(lib_a-exit.o)
                              /home/deh/launchpad/gcc-arm-none-eabi-5_4-2016q3/bin/../lib/gcc/arm-none-eabi/5.4.1/../../../../arm-none-eabi/lib/armv7e-m/fpu/crt0.o (exit)
/home/deh/launchpad/gcc-arm-none-eabi-5_4-2016q3/bin/../lib/gcc/arm-none-eabi/5.4.1/../../../../arm-none-eabi/lib/armv7e-m/fpu/libc.a(lib_a-impure.o)
                              /home/deh/launchpad/gcc-arm-none-eabi-5_4-2016q3/bin/../lib/gcc/arm-none-eabi/5.4.1/../../../../arm-none-eabi/lib/armv7e-m/fpu/libc.a(lib_a-exit.o) (_global_impure_ptr)
/home/deh/launchpad/gcc-arm-none-eabi-5_4-2016q3/bin/../lib/gcc/arm-none-eabi/5.4.1/../../../../arm-none-eabi/lib/armv7e-m/fpu/libc.a(lib_a-init.o)
                              /home/deh/launchpad/gcc-arm-none-eabi-5_4-2016q3/bin/../lib/gcc/arm-none-eabi/5.4.1/../../../../arm-none-eabi/lib/armv7e-m/fpu/crt0.o (__libc_init_array)
/home/deh/launchpad/gcc-arm-none-eabi-5_4-2016q3/bin/../lib/gcc/arm-none-eabi/5.4.1/../../../../arm-none-eabi/lib/armv7e-m/fpu/libc.a(lib_a-malloc.o)
                              build/usbd_cdc.o (malloc)
/home/deh/launchpad/gcc-arm-none-eabi-5_4-2016q3/bin/../lib/gcc/arm-none-eabi/5.4.1/../../../../arm-none-eabi/lib/armv7e-m/fpu/libc.a(lib_a-mallocr.o)
                              /home/deh/launchpad/gcc-arm-none-eabi-5_4-2016q3/bin/../lib/gcc/arm-none-eabi/5.4.1/../../../../arm-none-eabi/lib/armv7e-m/fpu/libc.a(lib_a-callocr.o) (_malloc_r)
/home/deh/launchpad/gcc-arm-none-eabi-5_4-2016q3/bin/../lib/gcc/arm-none-eabi/5.4.1/../../../../arm-none-eabi/lib/armv7e-m/fpu/libc.a(lib_a-memcpy.o)
                              build/queue.o (memcpy)
/home/deh/launchpad/gcc-arm-none-eabi-5_4-2016q3/bin/../lib/gcc/arm-none-eabi/5.4.1/../../../../arm-none-eabi/lib/armv7e-m/fpu/libc.a(lib_a-memset.o)
                              /home/deh/launchpad/gcc-arm-none-eabi-5_4-2016q3/bin/../lib/gcc/arm-none-eabi/5.4.1/../../../../arm-none-eabi/lib/armv7e-m/fpu/crt0.o (memset)
/home/deh/launchpad/gcc-arm-none-eabi-5_4-2016q3/bin/../lib/gcc/arm-none-eabi/5.4.1/../../../../arm-none-eabi/lib/armv7e-m/fpu/libc.a(lib_a-mlock.o)
                              /home/deh/launchpad/gcc-arm-none-eabi-5_4-2016q3/bin/../lib/gcc/arm-none-eabi/5.4.1/../../../../arm-none-eabi/lib/armv7e-m/fpu/libc.a(lib_a-mallocr.o) (__malloc_lock)
/home/deh/launchpad/gcc-arm-none-eabi-5_4-2016q3/bin/../lib/gcc/arm-none-eabi/5.4.1/../../../../arm-none-eabi/lib/armv7e-m/fpu/libc.a(lib_a-sbrkr.o)
                              /home/deh/launchpad/gcc-arm-none-eabi-5_4-2016q3/bin/../lib/gcc/arm-none-eabi/5.4.1/../../../../arm-none-eabi/lib/armv7e-m/fpu/libc.a(lib_a-mallocr.o) (_sbrk_r)
/home/deh/launchpad/gcc-arm-none-eabi-5_4-2016q3/bin/../lib/gcc/arm-none-eabi/5.4.1/../../../../arm-none-eabi/lib/armv7e-m/fpu/libc.a(lib_a-strlen.o)
                              build/yprintf.o (strlen)
/home/deh/launchpad/gcc-arm-none-eabi-5_4-2016q3/bin/../lib/gcc/arm-none-eabi/5.4.1/../../../../arm-none-eabi/lib/armv7e-m/fpu/libc.a(lib_a-strncpy.o)
                              build/yprintf.o (strncpy)
/home/deh/launchpad/gcc-arm-none-eabi-5_4-2016q3/bin/../lib/gcc/arm-none-eabi/5.4.1/../../../../arm-none-eabi/lib/armv7e-m/fpu/libc.a(lib_a-sysread.o)
                              build/USB_PC_gateway.o (read)
/home/deh/launchpad/gcc-arm-none-eabi-5_4-2016q3/bin/../lib/gcc/arm-none-eabi/5.4.1/../../../../arm-none-eabi/lib/armv7e-m/fpu/libc.a(lib_a-vsnprintf.o)
                              build/yprintf.o (vsnprintf)
/home/deh/launchpad/gcc-arm-none-eabi-5_4-2016q3/bin/../lib/gcc/arm-none-eabi/5.4.1/../../../../arm-none-eabi/lib/armv7e-m/fpu/libc.a(lib_a-vsscanf.o)
                              build/yscanf.o (vsscanf)
/home/deh/launchpad/gcc-arm-none-eabi-5_4-2016q3/bin/../lib/gcc/arm-none-eabi/5.4.1/../../../../arm-none-eabi/lib/armv7e-m/fpu/libc.a(lib_a-__call_atexit.o)
                              /home/deh/launchpad/gcc-arm-none-eabi-5_4-2016q3/bin/../lib/gcc/arm-none-eabi/5.4.1/../../../../arm-none-eabi/lib/armv7e-m/fpu/libc.a(lib_a-exit.o) (__call_exitprocs)
/home/deh/launchpad/gcc-arm-none-eabi-5_4-2016q3/bin/../lib/gcc/arm-none-eabi/5.4.1/../../../../arm-none-eabi/lib/armv7e-m/fpu/libc.a(lib_a-atexit.o)
[...]
Memory Configuration

Name             Origin             Length             Attributes
RAM              0x20000000         0x00020000         xrw
CCMRAM           0x10000000         0x00010000         rw
FLASH            0x08000000         0x00100000         xr
*default*        0x00000000         0xffffffff

Linker script and memory map

LOAD /home/deh/launchpad/gcc-arm-none-eabi-5_4-2016q3/bin/../lib/gcc/arm-none-eabi/5.4.1/armv7e-m/fpu/crti.o
LOAD /home/deh/launchpad/gcc-arm-none-eabi-5_4-2016q3/bin/../lib/gcc/arm-none-eabi/5.4.1/armv7e-m/fpu/crtbegin.o
LOAD /home/deh/launchpad/gcc-arm-none-eabi-5_4-2016q3/bin/../lib/gcc/arm-none-eabi/5.4.1/../../../../arm-none-eabi/lib/armv7e-m/fpu/crt0.o
LOAD build/main.o
LOAD build/freertos.o
LOAD build/usb_device.o
LOAD build/usbd_conf.o
LOAD build/usbd_desc.o
LOAD build/usbd_cdc_if.o
LOAD build/stm32f4xx_it.o
LOAD build/stm32f4xx_hal_msp.o
LOAD build/stm32f4xx_hal_timebase_tim.o
LOAD build/stm32f4xx_hal_pcd.o
LOAD build/stm32f4xx_hal_pcd_ex.o
LOAD build/stm32f4xx_ll_usb.o
LOAD build/stm32f4xx_hal_tim.o
LOAD build/stm32f4xx_hal_tim_ex.o
LOAD build/stm32f4xx_hal_uart.o
LOAD build/stm32f4xx_hal_rcc.o
LOAD build/stm32f4xx_hal_rcc_ex.o
LOAD build/stm32f4xx_hal_flash.o
LOAD build/stm32f4xx_hal_flash_ex.o
LOAD build/stm32f4xx_hal_flash_ramfunc.o
LOAD build/stm32f4xx_hal_gpio.o
LOAD build/stm32f4xx_hal_dma_ex.o
LOAD build/stm32f4xx_hal_dma.o
LOAD build/stm32f4xx_hal_pwr.o
LOAD build/stm32f4xx_hal_pwr_ex.o
LOAD build/stm32f4xx_hal_cortex.o
LOAD build/stm32f4xx_hal.o
LOAD build/system_stm32f4xx.o
LOAD build/croutine.o
LOAD build/event_groups.o
LOAD build/list.o
LOAD build/queue.o
LOAD build/tasks.o
LOAD build/timers.o
LOAD build/cmsis_os.o
LOAD build/heap_4.o
LOAD build/port.o
LOAD build/usbd_core.o
LOAD build/usbd_ctlreq.o
LOAD build/usbd_ioreq.o
LOAD build/usbd_cdc.o
LOAD build/stm32f4xx_hal_can.o
LOAD build/stm32f4xx_hal_adc.o
LOAD build/stm32f4xx_hal_adc_ex.o
LOAD build/SerialTaskSend.o
LOAD build/cdc_txbuff.o
LOAD build/DTW_counter.o
LOAD build/CanTask.o
LOAD build/can_iface.o
LOAD build/canfilter_setup.o
LOAD build/getserialbuf.o
LOAD build/yprintf.o
LOAD build/USB_PC_gateway.o
LOAD build/PC_gateway_comm.o
LOAD build/gateway_comm.o
LOAD build/gateway_CANtoPC.o
LOAD build/SerialTaskReceive.o
LOAD build/yscanf.o
LOAD build/gateway_PCtoCAN.o
LOAD build/morse.o
LOAD build/payload_extract.o
LOAD build/MailboxTask.o
LOAD build/GatewayTask.o
LOAD build/adctask.o
LOAD build/ADCTask.o
LOAD build/adcparams.o
LOAD build/stackwatermark.o
LOAD build/DMOCchecksum.o
LOAD build/adcfastsum16.o
LOAD build/adcparamsinit.o
LOAD build/iir_f1.o
LOAD build/startup_stm32f407xx.o
LOAD /home/deh/launchpad/gcc-arm-none-eabi-5_4-2016q3/bin/../lib/gcc/arm-none-eabi/5.4.1/../../../../arm-none-eabi/lib/armv7e-m/fpu/libc.a
LOAD /home/deh/launchpad/gcc-arm-none-eabi-5_4-2016q3/bin/../lib/gcc/arm-none-eabi/5.4.1/../../../../arm-none-eabi/lib/armv7e-m/fpu/libm.a
LOAD /home/deh/launchpad/gcc-arm-none-eabi-5_4-2016q3/bin/../lib/gcc/arm-none-eabi/5.4.1/../../../../arm-none-eabi/lib/armv7e-m/fpu/libnosys.a
START GROUP
LOAD /home/deh/launchpad/gcc-arm-none-eabi-5_4-2016q3/bin/../lib/gcc/arm-none-eabi/5.4.1/armv7e-m/fpu/libgcc.a
LOAD /home/deh/launchpad/gcc-arm-none-eabi-5_4-2016q3/bin/../lib/gcc/arm-none-eabi/5.4.1/../../../../arm-none-eabi/lib/armv7e-m/fpu/libc.a
END GROUP
LOAD /home/deh/launchpad/gcc-arm-none-eabi-5_4-2016q3/bin/../lib/gcc/arm-none-eabi/5.4.1/armv7e-m/fpu/crtend.o
LOAD /home/deh/launchpad/gcc-arm-none-eabi-5_4-2016q3/bin/../lib/gcc/arm-none-eabi/5.4.1/armv7e-m/fpu/crtn.o
                0x20020000                _estack = 0x20020000
                0x00000200                _Min_Heap_Size = 0x200
                0x00000400                _Min_Stack_Size = 0x400

.isr_vector     0x08000000      0x188
                0x08000000                . = ALIGN (0x4)
 *(.isr_vector)
 .isr_vector    0x08000000      0x188 build/startup_stm32f407xx.o
                0x08000000                g_pfnVectors
                0x08000188                . = ALIGN (0x4)

.text           0x080001c0     0xe920
                0x080001c0                . = ALIGN (0x4)
 *(.text)
 .text          0x080001c0       0x5c /home/deh/launchpad/gcc-arm-none-eabi-5_4-2016q3/bin/../lib/gcc/arm-none-eabi/5.4.1/armv7e-m/fpu/crtbegin.o
 .text          0x0800021c      0x134 /home/deh/launchpad/gcc-arm-none-eabi-5_4-2016q3/bin/../lib/gcc/arm-none-eabi/5.4.1/../../../../arm-none-eabi/lib/armv7e-m/fpu/libc.a(lib_a-memcpy.o)
                0x0800021c                memcpy
 *fill*         0x08000350       0x30 
 .text          0x08000380       0xdc /home/deh/launchpad/gcc-arm-none-eabi-5_4-2016q3/bin/../lib/gcc/arm-none-eabi/5.4.1/../../../../arm-none-eabi/lib/armv7e-m/fpu/libc.a(lib_a-strlen.o)
                0x08000380                strlen
 *fill*         0x0800045c        0x4 
 .text          0x08000460       0xa0 /home/deh/launchpad/gcc-arm-none-eabi-5_4-2016q3/bin/../lib/gcc/arm-none-eabi/5.4.1/../../../../arm-none-eabi/lib/armv7e-m/fpu/libc.a(lib_a-memchr.o)
                0x08000460                memchr
 .text          0x08000500      0x370 /home/deh/launchpad/gcc-arm-none-eabi-5_4-2016q3/bin/../lib/gcc/arm-none-eabi/5.4.1/armv7e-m/fpu/libgcc.a(_arm_addsubdf3.o)
                0x08000500                __aeabi_drsub
                0x08000508                __aeabi_dsub
                0x08000508                __subdf3
                0x0800050c                __adddf3
                0x0800050c                __aeabi_dadd
                0x08000784                __aeabi_ui2d
                0x08000784                __floatunsidf
                0x080007a4                __floatsidf
                0x080007a4                __aeabi_i2d
                0x080007c8                __extendsfdf2
                0x080007c8                __aeabi_f2d
                0x08000804                __aeabi_ul2d
                0x08000804                __floatundidf
                0x08000814                __floatdidf
                0x08000814                __aeabi_l2d
 .text          0x08000870      0x424 /home/deh/launchpad/gcc-arm-none-eabi-5_4-2016q3/bin/../lib/gcc/arm-none-eabi/5.4.1/armv7e-m/fpu/libgcc.a(_arm_muldivdf3.o)
                0x08000870                __aeabi_dmul
                0x08000870                __muldf3
                0x08000ac4                __aeabi_ddiv
                0x08000ac4                __divdf3
 .text          0x08000c94      0x110 /home/deh/launchpad/gcc-arm-none-eabi-5_4-2016q3/bin/../lib/gcc/arm-none-eabi/5.4.1/armv7e-m/fpu/libgcc.a(_arm_cmpdf2.o)
                0x08000c94                __gtdf2
                0x08000c94                __gedf2
                0x08000c9c                __ltdf2
                0x08000c9c                __ledf2
                0x08000ca4                __cmpdf2
                0x08000ca4                __eqdf2
                0x08000ca4                __nedf2
                0x08000d20                __aeabi_cdrcmple
                0x08000d30                __aeabi_cdcmple
                0x08000d30                __aeabi_cdcmpeq
                0x08000d40                __aeabi_dcmpeq
                0x08000d54                __aeabi_dcmplt
                0x08000d68                __aeabi_dcmple
                0x08000d7c                __aeabi_dcmpge
                0x08000d90                __aeabi_dcmpgt
 .text          0x08000da4       0x2c /home/deh/launchpad/gcc-arm-none-eabi-5_4-2016q3/bin/../lib/gcc/arm-none-eabi/5.4.1/armv7e-m/fpu/libgcc.a(_arm_unorddf2.o)
                0x08000da4                __aeabi_dcmpun
                0x08000da4                __unorddf2
 .text          0x08000dd0       0x50 /home/deh/launchpad/gcc-arm-none-eabi-5_4-2016q3/bin/../lib/gcc/arm-none-eabi/5.4.1/armv7e-m/fpu/libgcc.a(_arm_fixdfsi.o)
                0x08000dd0                __fixdfsi
                0x08000dd0                __aeabi_d2iz
 .text          0x08000e20      0x21c /home/deh/launchpad/gcc-arm-none-eabi-5_4-2016q3/bin/../lib/gcc/arm-none-eabi/5.4.1/armv7e-m/fpu/libgcc.a(_arm_addsubsf3.o)
                0x08000e20                __aeabi_frsub
                0x08000e28                __subsf3
                0x08000e28                __aeabi_fsub
                0x08000e2c                __aeabi_fadd
                0x08000e2c                __addsf3
                0x08000f8c                __aeabi_ui2f
                0x08000f8c                __floatunsisf
                0x08000f94                __aeabi_i2f
                0x08000f94                __floatsisf
                0x08000fb0                __floatundisf
                0x08000fb0                __aeabi_ul2f
                0x08000fc0                __floatdisf
                0x08000fc0                __aeabi_l2f
 .text          0x0800103c       0x30 /home/deh/launchpad/gcc-arm-none-eabi-5_4-2016q3/bin/../lib/gcc/arm-none-eabi/5.4.1/armv7e-m/fpu/libgcc.a(_aeabi_uldivmod.o)
                0x0800103c                __aeabi_uldivmod
 .text          0x0800106c      0x2e4 /home/deh/launchpad/gcc-arm-none-eabi-5_4-2016q3/bin/../lib/gcc/arm-none-eabi/5.4.1/armv7e-m/fpu/libgcc.a(_udivmoddi4.o)
                0x0800106c                __udivmoddi4
 .text          0x08001350        0x4 /home/deh/launchpad/gcc-arm-none-eabi-5_4-2016q3/bin/../lib/gcc/arm-none-eabi/5.4.1/armv7e-m/fpu/libgcc.a(_dvmd_tls.o)
                0x08001350                __aeabi_ldiv0
                0x08001350                __aeabi_idiv0
 *(.text*)
 .text.MX_GPIO_Init
                0x08001354       0xa8 build/main.o
 .text.MX_DMA_Init
                0x080013fc       0x88 build/main.o
 .text.MX_USART6_UART_Init
                0x08001484       0x2c build/main.o
 .text.MX_USART2_UART_Init
                0x080014b0       0x30 build/main.o
 .text.MX_CAN1_Init
                0x080014e0       0x34 build/main.o
 .text.MX_CAN2_Init
                0x08001514       0x34 build/main.o
 .text.MX_ADC1_Init
                0x08001548       0xf0 build/main.o
 .text.StartDefaultTask
                0x08001638      0x22c build/main.o
                0x08001638                StartDefaultTask
 .text.CallbackdefaultTaskTimer
                0x08001864       0x24 build/main.o
                0x08001864                CallbackdefaultTaskTimer
 .text.CallbackdefaultTaskTimer01
                0x08001888       0x24 build/main.o
                0x08001888                CallbackdefaultTaskTimer01
 .text.SystemClock_Config
                0x080018ac       0x98 build/main.o
                0x080018ac                SystemClock_Config
 .text.main     0x08001944      0x1ac build/main.o
                0x08001944                main
 .text.HAL_TIM_PeriodElapsedCallback
                0x08001af0       0x14 build/main.o
                0x08001af0                HAL_TIM_PeriodElapsedCallback
 .text.Error_Handler
                0x08001b04        0x4 build/main.o
                0x08001b04                Error_Handler
 .text.vApplicationStackOverflowHook
                0x08001b08        0x4 build/freertos.o
                0x08001b08                vApplicationStackOverflowHook
 .text.vApplicationGetIdleTaskMemory
                0x08001b0c       0x18 build/freertos.o
                0x08001b0c                vApplicationGetIdleTaskMemory
 .text.vApplicationGetTimerTaskMemory
                0x08001b24       0x18 build/freertos.o
                0x08001b24                vApplicationGetTimerTaskMemory
 .text.MX_USB_DEVICE_Init
                0x08001b3c       0x38 build/usb_device.o
                0x08001b3c                MX_USB_DEVICE_Init
 .text.HAL_PCD_MspInit
                0x08001b74       0x68 build/usbd_conf.o
                0x08001b74                HAL_PCD_MspInit
 .text.HAL_PCD_SetupStageCallback
                0x08001bdc       0x10 build/usbd_conf.o
                0x08001bdc                HAL_PCD_SetupStageCallback
 .text.HAL_PCD_DataOutStageCallback
                0x08001bec       0x18 build/usbd_conf.o
                0x08001bec                HAL_PCD_DataOutStageCallback
 .text.HAL_PCD_DataInStageCallback
                0x08001c04       0x18 build/usbd_conf.o
                0x08001c04                HAL_PCD_DataInStageCallback
 .text.HAL_PCD_SOFCallback
                0x08001c1c        0xc build/usbd_conf.o
                0x08001c1c                HAL_PCD_SOFCallback
 .text.HAL_PCD_ResetCallback
                0x08001c28       0x20 build/usbd_conf.o
                0x08001c28                HAL_PCD_ResetCallback
 .text.HAL_PCD_SuspendCallback
                0x08001c48       0x30 build/usbd_conf.o
                0x08001c48                HAL_PCD_SuspendCallback
 .text.HAL_PCD_ResumeCallback
                0x08001c78        0xc build/usbd_conf.o
                0x08001c78                HAL_PCD_ResumeCallback
 .text.HAL_PCD_ISOOUTIncompleteCallback
                0x08001c84        0xc build/usbd_conf.o
                0x08001c84                HAL_PCD_ISOOUTIncompleteCallback
 .text.HAL_PCD_ISOINIncompleteCallback
                0x08001c90        0xc build/usbd_conf.o
                0x08001c90                HAL_PCD_ISOINIncompleteCallback
 .text.HAL_PCD_ConnectCallback
                0x08001c9c        0xc build/usbd_conf.o
                0x08001c9c                HAL_PCD_ConnectCallback
 .text.HAL_PCD_DisconnectCallback
                0x08001ca8        0xc build/usbd_conf.o
                0x08001ca8                HAL_PCD_DisconnectCallback
 .text.USBD_LL_Init
                0x08001cb4       0x68 build/usbd_conf.o
                0x08001cb4                USBD_LL_Init
 .text.USBD_LL_Start
                0x08001d1c       0x20 build/usbd_conf.o
                0x08001d1c                USBD_LL_Start
 .text.USBD_LL_OpenEP
                0x08001d3c       0x24 build/usbd_conf.o
                0x08001d3c                USBD_LL_OpenEP
 .text.USBD_LL_CloseEP
                0x08001d60       0x20 build/usbd_conf.o
                0x08001d60                USBD_LL_CloseEP
 .text.USBD_LL_StallEP
                0x08001d80       0x20 build/usbd_conf.o
                0x08001d80                USBD_LL_StallEP
 .text.USBD_LL_ClearStallEP
                0x08001da0       0x20 build/usbd_conf.o
                0x08001da0                USBD_LL_ClearStallEP
 .text.USBD_LL_IsStallEP
                0x08001dc0       0x30 build/usbd_conf.o
                0x08001dc0                USBD_LL_IsStallEP
 .text.USBD_LL_SetUSBAddress
                0x08001df0       0x20 build/usbd_conf.o
                0x08001df0                USBD_LL_SetUSBAddress
 .text.USBD_LL_Transmit
                0x08001e10       0x20 build/usbd_conf.o
                0x08001e10                USBD_LL_Transmit
 .text.USBD_LL_PrepareReceive
                0x08001e30       0x20 build/usbd_conf.o
                0x08001e30                USBD_LL_PrepareReceive
 .text.USBD_LL_GetRxDataSize
                0x08001e50        0xc build/usbd_conf.o
                0x08001e50                USBD_LL_GetRxDataSize
 .text.USBD_FS_DeviceDescriptor
                0x08001e5c        0xc build/usbd_desc.o
                0x08001e5c                USBD_FS_DeviceDescriptor
 .text.USBD_FS_LangIDStrDescriptor
                0x08001e68        0xc build/usbd_desc.o
                0x08001e68                USBD_FS_LangIDStrDescriptor
 .text.USBD_FS_ProductStrDescriptor
                0x08001e74       0x24 build/usbd_desc.o
                0x08001e74                USBD_FS_ProductStrDescriptor
 .text.USBD_FS_ManufacturerStrDescriptor
                0x08001e98       0x1c build/usbd_desc.o
                0x08001e98                USBD_FS_ManufacturerStrDescriptor
 .text.USBD_FS_SerialStrDescriptor
                0x08001eb4       0x24 build/usbd_desc.o
                0x08001eb4                USBD_FS_SerialStrDescriptor
 .text.USBD_FS_ConfigStrDescriptor
                0x08001ed8       0x24 build/usbd_desc.o
                0x08001ed8                USBD_FS_ConfigStrDescriptor
 .text.USBD_FS_InterfaceStrDescriptor
                0x08001efc       0x24 build/usbd_desc.o
                0x08001efc                USBD_FS_InterfaceStrDescriptor
 .text.CDC_DeInit_FS
                0x08001f20        0x4 build/usbd_cdc_if.o
 .text.CDC_Control_FS
                0x08001f24        0x4 build/usbd_cdc_if.o
 .text.CDC_Receive_FS
                0x08001f28       0x1c build/usbd_cdc_if.o
 .text.CDC_Init_FS
                0x08001f44       0x28 build/usbd_cdc_if.o
 .text.CDC_Transmit_FS
                0x08001f6c       0x2c build/usbd_cdc_if.o
                0x08001f6c                CDC_Transmit_FS
 .text.NMI_Handler
                0x08001f98        0x4 build/stm32f4xx_it.o
                0x08001f98                NMI_Handler
 .text.HardFault_Handler
                0x08001f9c        0x4 build/stm32f4xx_it.o
                0x08001f9c                HardFault_Handler
 .text.MemManage_Handler
                0x08001fa0        0x4 build/stm32f4xx_it.o
                0x08001fa0                MemManage_Handler
 .text.BusFault_Handler
                0x08001fa4        0x4 build/stm32f4xx_it.o
                0x08001fa4                BusFault_Handler
 .text.UsageFault_Handler
                0x08001fa8        0x4 build/stm32f4xx_it.o
                0x08001fa8                UsageFault_Handler
 .text.DebugMon_Handler
                0x08001fac        0x4 build/stm32f4xx_it.o
                0x08001fac                DebugMon_Handler
 .text.DMA1_Stream5_IRQHandler
                0x08001fb0       0x10 build/stm32f4xx_it.o
                0x08001fb0                DMA1_Stream5_IRQHandler
 .text.DMA1_Stream6_IRQHandler
                0x08001fc0       0x10 build/stm32f4xx_it.o
                0x08001fc0                DMA1_Stream6_IRQHandler
 .text.ADC_IRQHandler
                0x08001fd0       0x10 build/stm32f4xx_it.o
                0x08001fd0                ADC_IRQHandler
 .text.CAN1_TX_IRQHandler
                0x08001fe0       0x10 build/stm32f4xx_it.o
                0x08001fe0                CAN1_TX_IRQHandler
 .text.CAN1_RX0_IRQHandler
                0x08001ff0       0x10 build/stm32f4xx_it.o
                0x08001ff0                CAN1_RX0_IRQHandler
 .text.CAN1_RX1_IRQHandler
                0x08002000       0x10 build/stm32f4xx_it.o
                0x08002000                CAN1_RX1_IRQHandler
 .text.USART2_IRQHandler
                0x08002010       0x10 build/stm32f4xx_it.o
                0x08002010                USART2_IRQHandler
 .text.TIM5_IRQHandler
                0x08002020       0x10 build/stm32f4xx_it.o
                0x08002020                TIM5_IRQHandler
 .text.DMA2_Stream0_IRQHandler
                0x08002030       0x10 build/stm32f4xx_it.o
                0x08002030                DMA2_Stream0_IRQHandler
 .text.DMA2_Stream1_IRQHandler
                0x08002040       0x10 build/stm32f4xx_it.o
                0x08002040                DMA2_Stream1_IRQHandler
 .text.CAN2_TX_IRQHandler
                0x08002050       0x10 build/stm32f4xx_it.o
                0x08002050                CAN2_TX_IRQHandler
 .text.CAN2_RX0_IRQHandler
                0x08002060       0x10 build/stm32f4xx_it.o
                0x08002060                CAN2_RX0_IRQHandler
 .text.CAN2_RX1_IRQHandler
                0x08002070       0x10 build/stm32f4xx_it.o
                0x08002070                CAN2_RX1_IRQHandler
 .text.OTG_FS_IRQHandler
                0x08002080       0x10 build/stm32f4xx_it.o
                0x08002080                OTG_FS_IRQHandler
 .text.DMA2_Stream6_IRQHandler
                0x08002090       0x10 build/stm32f4xx_it.o
                0x08002090                DMA2_Stream6_IRQHandler
 .text.USART6_IRQHandler
                0x080020a0       0x10 build/stm32f4xx_it.o
                0x080020a0                USART6_IRQHandler
 .text.HAL_MspInit
                0x080020b0       0x44 build/stm32f4xx_hal_msp.o
                0x080020b0                HAL_MspInit
 .text.HAL_ADC_MspInit
                0x080020f4      0x108 build/stm32f4xx_hal_msp.o
                0x080020f4                HAL_ADC_MspInit
 .text.HAL_CAN_MspInit
                0x080021fc      0x15c build/stm32f4xx_hal_msp.o
                0x080021fc                HAL_CAN_MspInit
 .text.HAL_UART_MspInit
                0x08002358      0x1dc build/stm32f4xx_hal_msp.o
                0x08002358                HAL_UART_MspInit
 .text.HAL_InitTick
                0x08002534       0x7c build/stm32f4xx_hal_timebase_tim.o
                0x08002534                HAL_InitTick
 .text.PCD_WriteEmptyTxFifo
                0x080025b0       0xb0 build/stm32f4xx_hal_pcd.o
 .text.HAL_PCD_Init
                0x08002660       0xe4 build/stm32f4xx_hal_pcd.o
                0x08002660                HAL_PCD_Init
 .text.HAL_PCD_Start
                0x08002744       0x2c build/stm32f4xx_hal_pcd.o
                0x08002744                HAL_PCD_Start
 .text.HAL_PCD_IRQHandler
                0x08002770      0x57c build/stm32f4xx_hal_pcd.o
                0x08002770                HAL_PCD_IRQHandler
 .text.HAL_PCD_SetAddress
                0x08002cec       0x24 build/stm32f4xx_hal_pcd.o
                0x08002cec                HAL_PCD_SetAddress
 .text.HAL_PCD_EP_Open
                0x08002d10       0x68 build/stm32f4xx_hal_pcd.o
                0x08002d10                HAL_PCD_EP_Open
 .text.HAL_PCD_EP_Close
                0x08002d78       0x58 build/stm32f4xx_hal_pcd.o
                0x08002d78                HAL_PCD_EP_Close
 .text.HAL_PCD_EP_Receive
                0x08002dd0       0x58 build/stm32f4xx_hal_pcd.o
                0x08002dd0                HAL_PCD_EP_Receive
 .text.HAL_PCD_EP_GetRxCount
                0x08002e28       0x14 build/stm32f4xx_hal_pcd.o
                0x08002e28                HAL_PCD_EP_GetRxCount
 .text.HAL_PCD_EP_Transmit
                0x08002e3c       0x50 build/stm32f4xx_hal_pcd.o
                0x08002e3c                HAL_PCD_EP_Transmit
 .text.HAL_PCD_EP_SetStall
                0x08002e8c       0x64 build/stm32f4xx_hal_pcd.o
                0x08002e8c                HAL_PCD_EP_SetStall
 .text.HAL_PCD_EP_ClrStall
                0x08002ef0       0x58 build/stm32f4xx_hal_pcd.o
                0x08002ef0                HAL_PCD_EP_ClrStall
 .text.HAL_PCDEx_SetTxFiFo
                0x08002f48       0x48 build/stm32f4xx_hal_pcd_ex.o
                0x08002f48                HAL_PCDEx_SetTxFiFo
 .text.HAL_PCDEx_SetRxFiFo
                0x08002f90        0x8 build/stm32f4xx_hal_pcd_ex.o
                0x08002f90                HAL_PCDEx_SetRxFiFo
 .text.USB_CoreInit
                0x08002f98       0x78 build/stm32f4xx_ll_usb.o
                0x08002f98                USB_CoreInit
 .text.USB_EnableGlobalInt
                0x08003010        0xc build/stm32f4xx_ll_usb.o
                0x08003010                USB_EnableGlobalInt
 .text.USB_DisableGlobalInt
                0x0800301c        0xc build/stm32f4xx_ll_usb.o
                0x0800301c                USB_DisableGlobalInt
 .text.USB_SetCurrentMode
                0x08003028       0x2c build/stm32f4xx_ll_usb.o
                0x08003028                USB_SetCurrentMode
 .text.USB_DevInit
                0x08003054      0x14c build/stm32f4xx_ll_usb.o
                0x08003054                USB_DevInit
 .text.USB_FlushTxFifo
                0x080031a0       0x28 build/stm32f4xx_ll_usb.o
                0x080031a0                USB_FlushTxFifo
 .text.USB_FlushRxFifo
                0x080031c8       0x24 build/stm32f4xx_ll_usb.o
                0x080031c8                USB_FlushRxFifo
 .text.USB_SetDevSpeed
                0x080031ec       0x10 build/stm32f4xx_ll_usb.o
                0x080031ec                USB_SetDevSpeed
 .text.USB_GetDevSpeed
                0x080031fc       0x40 build/stm32f4xx_ll_usb.o
                0x080031fc                USB_GetDevSpeed
 .text.USB_ActivateEndpoint
                0x0800323c       0x98 build/stm32f4xx_ll_usb.o
                0x0800323c                USB_ActivateEndpoint
 .text.USB_DeactivateEndpoint
                0x080032d4       0xf4 build/stm32f4xx_ll_usb.o
                0x080032d4                USB_DeactivateEndpoint
 .text.USB_EPStartXfer
                0x080033c8      0x258 build/stm32f4xx_ll_usb.o
                0x080033c8                USB_EPStartXfer
 .text.USB_EP0StartXfer
                0x08003620      0x160 build/stm32f4xx_ll_usb.o
                0x08003620                USB_EP0StartXfer
 .text.USB_WritePacket
                0x08003780       0x2c build/stm32f4xx_ll_usb.o
                0x08003780                USB_WritePacket
 .text.USB_ReadPacket
                0x080037ac       0x24 build/stm32f4xx_ll_usb.o
                0x080037ac                USB_ReadPacket
 .text.USB_EPSetStall
                0x080037d0       0x64 build/stm32f4xx_ll_usb.o
                0x080037d0                USB_EPSetStall
 .text.USB_EPClearStall
                0x08003834       0x68 build/stm32f4xx_ll_usb.o
                0x08003834                USB_EPClearStall
 .text.USB_SetDevAddress
                0x0800389c       0x20 build/stm32f4xx_ll_usb.o
                0x0800389c                USB_SetDevAddress
 .text.USB_DevConnect
                0x080038bc       0x18 build/stm32f4xx_ll_usb.o
                0x080038bc                USB_DevConnect
 .text.USB_DevDisconnect
                0x080038d4       0x18 build/stm32f4xx_ll_usb.o
                0x080038d4                USB_DevDisconnect
 .text.USB_ReadInterrupts
                0x080038ec        0x8 build/stm32f4xx_ll_usb.o
                0x080038ec                USB_ReadInterrupts
 .text.USB_ReadDevAllOutEpInterrupt
                0x080038f4       0x10 build/stm32f4xx_ll_usb.o
                0x080038f4                USB_ReadDevAllOutEpInterrupt
 .text.USB_ReadDevAllInEpInterrupt
                0x08003904       0x10 build/stm32f4xx_ll_usb.o
                0x08003904                USB_ReadDevAllInEpInterrupt
 .text.USB_ReadDevOutEPInterrupt
                0x08003914       0x14 build/stm32f4xx_ll_usb.o
                0x08003914                USB_ReadDevOutEPInterrupt
 .text.USB_ReadDevInEPInterrupt
                0x08003928       0x24 build/stm32f4xx_ll_usb.o
                0x08003928                USB_ReadDevInEPInterrupt
 .text.USB_GetMode
                0x0800394c        0x8 build/stm32f4xx_ll_usb.o
                0x0800394c                USB_GetMode
 .text.USB_ActivateSetup
                0x08003954       0x38 build/stm32f4xx_ll_usb.o
                0x08003954                USB_ActivateSetup
 .text.USB_EP0_OutStart
                0x0800398c       0x44 build/stm32f4xx_ll_usb.o
                0x0800398c                USB_EP0_OutStart
 .text.USB_CoreReset
                0x080039d0       0x3c build/stm32f4xx_ll_usb.o
 .text.HAL_TIM_Base_MspInit
                0x08003a0c        0x4 build/stm32f4xx_hal_tim.o
                0x08003a0c                HAL_TIM_Base_MspInit
 .text.HAL_TIM_Base_Start_IT
                0x08003a10       0x18 build/stm32f4xx_hal_tim.o
                0x08003a10                HAL_TIM_Base_Start_IT
 .text.HAL_TIM_OC_DelayElapsedCallback
                0x08003a28        0x4 build/stm32f4xx_hal_tim.o
                0x08003a28                HAL_TIM_OC_DelayElapsedCallback
 .text.HAL_TIM_IC_CaptureCallback
                0x08003a2c        0x4 build/stm32f4xx_hal_tim.o
                0x08003a2c                HAL_TIM_IC_CaptureCallback
 .text.HAL_TIM_PWM_PulseFinishedCallback
                0x08003a30        0x4 build/stm32f4xx_hal_tim.o
                0x08003a30                HAL_TIM_PWM_PulseFinishedCallback
 .text.HAL_TIM_TriggerCallback
                0x08003a34        0x4 build/stm32f4xx_hal_tim.o
                0x08003a34                HAL_TIM_TriggerCallback
 .text.HAL_TIM_IRQHandler
                0x08003a38      0x174 build/stm32f4xx_hal_tim.o
                0x08003a38                HAL_TIM_IRQHandler
 .text.TIM_Base_SetConfig
                0x08003bac      0x11c build/stm32f4xx_hal_tim.o
                0x08003bac                TIM_Base_SetConfig
 .text.HAL_TIM_Base_Init
                0x08003cc8       0x38 build/stm32f4xx_hal_tim.o
                0x08003cc8                HAL_TIM_Base_Init
 .text.HAL_TIMEx_CommutationCallback
                0x08003d00        0x4 build/stm32f4xx_hal_tim_ex.o
                0x08003d00                HAL_TIMEx_CommutationCallback
 .text.HAL_TIMEx_BreakCallback
                0x08003d04        0x4 build/stm32f4xx_hal_tim_ex.o
                0x08003d04                HAL_TIMEx_BreakCallback
 .text.UART_EndTxTransfer
                0x08003d08       0x14 build/stm32f4xx_hal_uart.o
 .text.UART_EndRxTransfer
                0x08003d1c       0x1c build/stm32f4xx_hal_uart.o
 .text.UART_Transmit_IT
                0x08003d38       0x6c build/stm32f4xx_hal_uart.o
 .text.UART_SetConfig
                0x08003da4      0x32c build/stm32f4xx_hal_uart.o
 .text.HAL_UART_Init
                0x080040d0       0x64 build/stm32f4xx_hal_uart.o
                0x080040d0                HAL_UART_Init
 .text.HAL_UART_Transmit_IT
                0x08004134       0x48 build/stm32f4xx_hal_uart.o
                0x08004134                HAL_UART_Transmit_IT
 .text.HAL_UART_Receive_IT
                0x0800417c       0x54 build/stm32f4xx_hal_uart.o
                0x0800417c                HAL_UART_Receive_IT
 .text.HAL_UART_Transmit_DMA
                0x080041d0       0x8c build/stm32f4xx_hal_uart.o
                0x080041d0                HAL_UART_Transmit_DMA
 .text.HAL_UART_Receive_DMA
                0x0800425c       0xa8 build/stm32f4xx_hal_uart.o
                0x0800425c                HAL_UART_Receive_DMA
 .text.UART_DMATransmitCplt
                0x08004304       0x30 build/stm32f4xx_hal_uart.o
 .text.UART_EndTransmit_IT
                0x08004334       0x1c build/stm32f4xx_hal_uart.o
 .text.HAL_UART_TxHalfCpltCallback
                0x08004350        0x4 build/stm32f4xx_hal_uart.o
                0x08004350                HAL_UART_TxHalfCpltCallback
 .text.UART_DMATxHalfCplt
                0x08004354        0xc build/stm32f4xx_hal_uart.o
 .text.UART_DMAReceiveCplt
                0x08004360       0x40 build/stm32f4xx_hal_uart.o
 .text.UART_Receive_IT
                0x080043a0       0x94 build/stm32f4xx_hal_uart.o
 .text.UART_DMARxHalfCplt
                0x08004434        0xc build/stm32f4xx_hal_uart.o
 .text.UART_DMAError
                0x08004440       0x50 build/stm32f4xx_hal_uart.o
 .text.HAL_UART_IRQHandler
                0x08004490      0x11c build/stm32f4xx_hal_uart.o
                0x08004490                HAL_UART_IRQHandler
 .text.UART_DMAAbortOnError
                0x080045ac       0x10 build/stm32f4xx_hal_uart.o
 .text.HAL_RCC_OscConfig
                0x080045bc      0x3c0 build/stm32f4xx_hal_rcc.o
                0x080045bc                HAL_RCC_OscConfig
 .text.HAL_RCC_GetSysClockFreq
                0x0800497c       0xcc build/stm32f4xx_hal_rcc.o
                0x0800497c                HAL_RCC_GetSysClockFreq
 .text.HAL_RCC_ClockConfig
                0x08004a48      0x160 build/stm32f4xx_hal_rcc.o
                0x08004a48                HAL_RCC_ClockConfig
 .text.HAL_RCC_GetHCLKFreq
                0x08004ba8        0xc build/stm32f4xx_hal_rcc.o
                0x08004ba8                HAL_RCC_GetHCLKFreq
 .text.HAL_RCC_GetPCLK1Freq
                0x08004bb4       0x20 build/stm32f4xx_hal_rcc.o
                0x08004bb4                HAL_RCC_GetPCLK1Freq
 .text.HAL_RCC_GetPCLK2Freq
                0x08004bd4       0x20 build/stm32f4xx_hal_rcc.o
                0x08004bd4                HAL_RCC_GetPCLK2Freq
 .text.HAL_RCC_GetClockConfig
                0x08004bf4       0x3c build/stm32f4xx_hal_rcc.o
                0x08004bf4                HAL_RCC_GetClockConfig
 .text.HAL_GPIO_Init
                0x08004c30      0x1c0 build/stm32f4xx_hal_gpio.o
                0x08004c30                HAL_GPIO_Init
 .text.HAL_GPIO_WritePin
                0x08004df0        0xc build/stm32f4xx_hal_gpio.o
                0x08004df0                HAL_GPIO_WritePin
 .text.HAL_GPIO_TogglePin
                0x08004dfc        0x8 build/stm32f4xx_hal_gpio.o
                0x08004dfc                HAL_GPIO_TogglePin
 .text.DMA_SetConfig
                0x08004e04       0x2c build/stm32f4xx_hal_dma.o
 .text.DMA_CalcBaseAndBitshift
                0x08004e30       0x3c build/stm32f4xx_hal_dma.o
 .text.DMA_CheckFifoParam
                0x08004e6c       0x90 build/stm32f4xx_hal_dma.o
 .text.HAL_DMA_Init
                0x08004efc       0xd0 build/stm32f4xx_hal_dma.o
                0x08004efc                HAL_DMA_Init
 .text.HAL_DMA_Start_IT
                0x08004fcc       0x74 build/stm32f4xx_hal_dma.o
                0x08004fcc                HAL_DMA_Start_IT
 .text.HAL_DMA_Abort_IT
                0x08005040       0x28 build/stm32f4xx_hal_dma.o
                0x08005040                HAL_DMA_Abort_IT
 .text.HAL_DMA_IRQHandler
                0x08005068      0x1d8 build/stm32f4xx_hal_dma.o
                0x08005068                HAL_DMA_IRQHandler
 .text.HAL_NVIC_SetPriorityGrouping
                0x08005240       0x24 build/stm32f4xx_hal_cortex.o
                0x08005240                HAL_NVIC_SetPriorityGrouping
 .text.HAL_NVIC_SetPriority
                0x08005264       0x64 build/stm32f4xx_hal_cortex.o
                0x08005264                HAL_NVIC_SetPriority
 .text.HAL_NVIC_EnableIRQ
                0x080052c8       0x18 build/stm32f4xx_hal_cortex.o
                0x080052c8                HAL_NVIC_EnableIRQ
 .text.HAL_Init
                0x080052e0       0x34 build/stm32f4xx_hal.o
                0x080052e0                HAL_Init
 .text.HAL_IncTick
                0x08005314       0x18 build/stm32f4xx_hal.o
                0x08005314                HAL_IncTick
 .text.HAL_GetTick
                0x0800532c        0xc build/stm32f4xx_hal.o
                0x0800532c                HAL_GetTick
 .text.HAL_Delay
                0x08005338       0x28 build/stm32f4xx_hal.o
                0x08005338                HAL_Delay
 .text.SystemInit
                0x08005360       0x4c build/system_stm32f4xx.o
                0x08005360                SystemInit
 .text.vListInitialise
                0x080053ac       0x18 build/list.o
                0x080053ac                vListInitialise
 .text.vListInitialiseItem
                0x080053c4        0x8 build/list.o
                0x080053c4                vListInitialiseItem
 .text.vListInsertEnd
                0x080053cc       0x18 build/list.o
                0x080053cc                vListInsertEnd
 .text.vListInsert
                0x080053e4       0x34 build/list.o
                0x080053e4                vListInsert
 .text.uxListRemove
                0x08005418       0x24 build/list.o
                0x08005418                uxListRemove
 .text.prvIsQueueFull
                0x0800543c       0x20 build/queue.o
 .text.prvIsQueueEmpty
                0x0800545c       0x1c build/queue.o
 .text.prvCopyDataToQueue
                0x08005478       0x78 build/queue.o
 .text.prvCopyDataFromQueue
                0x080054f0       0x24 build/queue.o
 .text.prvUnlockQueue
                0x08005514       0x68 build/queue.o
 .text.xQueueGenericReset
                0x0800557c       0x80 build/queue.o
                0x0800557c                xQueueGenericReset
 .text.prvInitialiseNewQueue
                0x080055fc       0x1c build/queue.o
 .text.xQueueGenericCreateStatic
                0x08005618       0xac build/queue.o
                0x08005618                xQueueGenericCreateStatic
 .text.xQueueGenericCreate
                0x080056c4       0x50 build/queue.o
                0x080056c4                xQueueGenericCreate
 .text.xQueueGenericSend
                0x08005714      0x190 build/queue.o
                0x08005714                xQueueGenericSend
 .text.xQueueGenericSendFromISR
                0x080058a4       0xe4 build/queue.o
                0x080058a4                xQueueGenericSendFromISR
 .text.xQueueGiveFromISR
                0x08005988       0xbc build/queue.o
                0x08005988                xQueueGiveFromISR
 .text.xQueueGenericReceive
                0x08005a44      0x1a0 build/queue.o
                0x08005a44                xQueueGenericReceive
 .text.vQueueAddToRegistry
                0x08005be4       0x28 build/queue.o
                0x08005be4                vQueueAddToRegistry
 .text.vQueueWaitForMessageRestricted
                0x08005c0c       0x4c build/queue.o
                0x08005c0c                vQueueWaitForMessageRestricted
 .text.prvIdleTask
                0x08005c58       0x24 build/tasks.o
 .text.prvTaskCheckFreeStackSpace
                0x08005c7c       0x14 build/tasks.o
 .text.prvResetNextTaskUnblockTime
                0x08005c90       0x34 build/tasks.o
 .text.prvInitialiseNewTask
                0x08005cc4       0x90 build/tasks.o
 .text.prvInitialiseTaskLists
                0x08005d54       0x5c build/tasks.o
 .text.prvAddNewTaskToReadyList
                0x08005db0       0xa8 build/tasks.o
 .text.prvAddCurrentTaskToDelayedList
                0x08005e58       0x98 build/tasks.o
 .text.xTaskCreateStatic
                0x08005ef0       0x60 build/tasks.o
                0x08005ef0                xTaskCreateStatic
 .text.xTaskCreate
                0x08005f50       0x68 build/tasks.o
                0x08005f50                xTaskCreate
 .text.vTaskPrioritySet
                0x08005fb8       0xf0 build/tasks.o
                0x08005fb8                vTaskPrioritySet
 .text.vTaskStartScheduler
                0x080060a8       0x98 build/tasks.o
                0x080060a8                vTaskStartScheduler
 .text.vTaskSuspendAll
                0x08006140       0x10 build/tasks.o
                0x08006140                vTaskSuspendAll
 .text.xTaskGetTickCount
                0x08006150        0xc build/tasks.o
                0x08006150                xTaskGetTickCount
 .text.xTaskIncrementTick
                0x0800615c      0x124 build/tasks.o
                0x0800615c                xTaskIncrementTick
 .text.xTaskResumeAll
                0x08006280       0xf8 build/tasks.o
                0x08006280                xTaskResumeAll
 .text.vTaskDelay
                0x08006378       0x50 build/tasks.o
                0x08006378                vTaskDelay
 .text.vTaskSwitchContext
                0x080063c8       0xc4 build/tasks.o
                0x080063c8                vTaskSwitchContext
 .text.vTaskSuspend
                0x0800648c       0xd4 build/tasks.o
                0x0800648c                vTaskSuspend
 .text.vTaskPlaceOnEventList
                0x08006560       0x30 build/tasks.o
                0x08006560                vTaskPlaceOnEventList
 .text.vTaskPlaceOnEventListRestricted
                0x08006590       0x38 build/tasks.o
                0x08006590                vTaskPlaceOnEventListRestricted
 .text.xTaskRemoveFromEventList
                0x080065c8       0x8c build/tasks.o
                0x080065c8                xTaskRemoveFromEventList
 .text.vTaskSetTimeOutState
                0x08006654       0x2c build/tasks.o
                0x08006654                vTaskSetTimeOutState
 .text.xTaskCheckForTimeOut
                0x08006680       0x80 build/tasks.o
                0x08006680                xTaskCheckForTimeOut
 .text.vTaskMissedYield
                0x08006700        0xc build/tasks.o
                0x08006700                vTaskMissedYield
 .text.uxTaskGetStackHighWaterMark
                0x0800670c       0x18 build/tasks.o
                0x0800670c                uxTaskGetStackHighWaterMark
 .text.xTaskGetCurrentTaskHandle
                0x08006724        0xc build/tasks.o
                0x08006724                xTaskGetCurrentTaskHandle
 .text.xTaskGetSchedulerState
                0x08006730       0x20 build/tasks.o
                0x08006730                xTaskGetSchedulerState
 .text.vTaskPriorityInherit
                0x08006750       0xa8 build/tasks.o
                0x08006750                vTaskPriorityInherit
 .text.xTaskPriorityDisinherit
                0x080067f8       0xb4 build/tasks.o
                0x080067f8                xTaskPriorityDisinherit
 .text.pvTaskIncrementMutexHeldCount
                0x080068ac       0x1c build/tasks.o
                0x080068ac                pvTaskIncrementMutexHeldCount
 .text.xTaskNotifyWait
                0x080068c8       0x98 build/tasks.o
                0x080068c8                xTaskNotifyWait
 .text.xTaskGenericNotify
                0x08006960       0xe4 build/tasks.o
                0x08006960                xTaskGenericNotify
 .text.xTaskGenericNotifyFromISR
                0x08006a44      0x124 build/tasks.o
                0x08006a44                xTaskGenericNotifyFromISR
 .text.prvGetNextExpireTime
                0x08006b68       0x20 build/timers.o
 .text.prvInsertTimerInActiveList
                0x08006b88       0x48 build/timers.o
 .text.prvCheckForValidListAndQueue
                0x08006bd0       0x6c build/timers.o
 .text.prvInitialiseNewTimer
                0x08006c3c       0x40 build/timers.o
 .text.xTimerCreateTimerTask
                0x08006c7c       0x70 build/timers.o
                0x08006c7c                xTimerCreateTimerTask
 .text.xTimerCreate
                0x08006cec       0x38 build/timers.o
                0x08006cec                xTimerCreate
 .text.xTimerCreateStatic
                0x08006d24       0x50 build/timers.o
                0x08006d24                xTimerCreateStatic
 .text.xTimerGenericCommand
                0x08006d74       0x6c build/timers.o
                0x08006d74                xTimerGenericCommand
 .text.prvSwitchTimerLists
                0x08006de0       0x7c build/timers.o
 .text.prvSampleTimeNow
                0x08006e5c       0x2c build/timers.o
 .text.prvProcessExpiredTimer
                0x08006e88       0x5c build/timers.o
 .text.prvProcessTimerOrBlockTask
                0x08006ee4       0x74 build/timers.o
 .text.prvProcessReceivedCommands
                0x08006f58       0xc4 build/timers.o
 .text.prvTimerTask
                0x0800701c       0x18 build/timers.o
 .text.makeFreeRtosPriority
                0x08007034        0xc build/cmsis_os.o
 .text.inHandlerMode
                0x08007040        0xc build/cmsis_os.o
 .text.osKernelStart
                0x0800704c        0xc build/cmsis_os.o
                0x0800704c                osKernelStart
 .text.osThreadCreate
                0x08007058       0x6c build/cmsis_os.o
                0x08007058                osThreadCreate
 .text.osDelay  0x080070c4       0x10 build/cmsis_os.o
                0x080070c4                osDelay
 .text.osTimerCreate
                0x080070d4       0x44 build/cmsis_os.o
                0x080070d4                osTimerCreate
 .text.osTimerStart
                0x08007118       0x6c build/cmsis_os.o
                0x08007118                osTimerStart
 .text.osSemaphoreCreate
                0x08007184       0x48 build/cmsis_os.o
                0x08007184                osSemaphoreCreate
 .text.osMessageCreate
                0x080071cc       0x28 build/cmsis_os.o
                0x080071cc                osMessageCreate
 .text.prvHeapInit
                0x080071f4       0x64 build/heap_4.o
 .text.prvInsertBlockIntoFreeList
                0x08007258       0x58 build/heap_4.o
 .text.pvPortMalloc
                0x080072b0      0x104 build/heap_4.o
                0x080072b0                pvPortMalloc
 .text.vPortFree
                0x080073b4       0x78 build/heap_4.o
                0x080073b4                vPortFree
 .text.xPortGetFreeHeapSize
                0x0800742c        0xc build/heap_4.o
                0x0800742c                xPortGetFreeHeapSize
 .text.prvTaskExitError
                0x08007438       0x34 build/port.o
 .text.prvPortStartFirstTask
                0x0800746c       0x20 build/port.o
 .text.vPortEnableVFP
                0x0800748c       0x14 build/port.o
 .text.pxPortInitialiseStack
                0x080074a0       0x2c build/port.o
                0x080074a0                pxPortInitialiseStack
 *fill*         0x080074cc        0x4 
 .text.SVC_Handler
                0x080074d0       0x24 build/port.o
                0x080074d0                SVC_Handler
 .text.vPortEnterCritical
                0x080074f4       0x44 build/port.o
                0x080074f4                vPortEnterCritical
 .text.vPortExitCritical
                0x08007538       0x2c build/port.o
                0x08007538                vPortExitCritical
 *fill*         0x08007564        0xc 
 .text.PendSV_Handler
                0x08007570       0x64 build/port.o
                0x08007570                PendSV_Handler
 .text.SysTick_Handler
                0x080075d4       0x2c build/port.o
                0x080075d4                SysTick_Handler
 .text.vPortSetupTimerInterrupt
                0x08007600       0x20 build/port.o
                0x08007600                vPortSetupTimerInterrupt
 .text.xPortStartScheduler
                0x08007620       0xec build/port.o
                0x08007620                xPortStartScheduler
 .text.vPortValidateInterruptPriority
                0x0800770c       0x5c build/port.o
                0x0800770c                vPortValidateInterruptPriority
 .text.USBD_Init
                0x08007768       0x30 build/usbd_core.o
                0x08007768                USBD_Init
 .text.USBD_RegisterClass
                0x08007798       0x10 build/usbd_core.o
                0x08007798                USBD_RegisterClass
 .text.USBD_Start
                0x080077a8        0xc build/usbd_core.o
                0x080077a8                USBD_Start
 .text.USBD_SetClassConfig
                0x080077b4       0x1c build/usbd_core.o
                0x080077b4                USBD_SetClassConfig
 .text.USBD_ClrClassConfig
                0x080077d0       0x10 build/usbd_core.o
                0x080077d0                USBD_ClrClassConfig
 .text.USBD_LL_SetupStage
                0x080077e0       0x5c build/usbd_core.o
                0x080077e0                USBD_LL_SetupStage
 .text.USBD_LL_DataOutStage
                0x0800783c       0x68 build/usbd_core.o
                0x0800783c                USBD_LL_DataOutStage
 .text.USBD_LL_DataInStage
                0x080078a4       0xac build/usbd_core.o
                0x080078a4                USBD_LL_DataInStage
 .text.USBD_LL_Reset
                0x08007950       0x40 build/usbd_core.o
                0x08007950                USBD_LL_Reset
 .text.USBD_LL_SetSpeed
                0x08007990        0x8 build/usbd_core.o
                0x08007990                USBD_LL_SetSpeed
 .text.USBD_LL_Suspend
                0x08007998       0x14 build/usbd_core.o
                0x08007998                USBD_LL_Suspend
 .text.USBD_LL_Resume
                0x080079ac        0xc build/usbd_core.o
                0x080079ac                USBD_LL_Resume
 .text.USBD_LL_SOF
                0x080079b8       0x18 build/usbd_core.o
                0x080079b8                USBD_LL_SOF
 .text.USBD_LL_IsoINIncomplete
                0x080079d0        0x4 build/usbd_core.o
                0x080079d0                USBD_LL_IsoINIncomplete
 .text.USBD_LL_IsoOUTIncomplete
                0x080079d4        0x4 build/usbd_core.o
                0x080079d4                USBD_LL_IsoOUTIncomplete
 .text.USBD_LL_DevConnected
                0x080079d8        0x4 build/usbd_core.o
                0x080079d8                USBD_LL_DevConnected
 .text.USBD_LL_DevDisconnected
                0x080079dc       0x18 build/usbd_core.o
                0x080079dc                USBD_LL_DevDisconnected
 .text.USBD_GetLen
                0x080079f4       0x14 build/usbd_ctlreq.o
 .text.USBD_SetFeature
                0x08007a08       0x20 build/usbd_ctlreq.o
 .text.USBD_ParseSetupRequest
                0x08007a28       0x28 build/usbd_ctlreq.o
                0x08007a28                USBD_ParseSetupRequest
 .text.USBD_CtlError
                0x08007a50       0x14 build/usbd_ctlreq.o
                0x08007a50                USBD_CtlError
 .text.USBD_GetDescriptor
                0x08007a64      0x130 build/usbd_ctlreq.o
 .text.USBD_SetAddress
                0x08007b94       0x4c build/usbd_ctlreq.o
 .text.USBD_SetConfig
                0x08007be0       0xa8 build/usbd_ctlreq.o
 .text.USBD_GetConfig
                0x08007c88       0x3c build/usbd_ctlreq.o
 .text.USBD_GetStatus
                0x08007cc4       0x2c build/usbd_ctlreq.o
 .text.USBD_ClrFeature
                0x08007cf0       0x30 build/usbd_ctlreq.o
 .text.USBD_StdDevReq
                0x08007d20       0x48 build/usbd_ctlreq.o
                0x08007d20                USBD_StdDevReq
 .text.USBD_StdItfReq
                0x08007d68       0x38 build/usbd_ctlreq.o
                0x08007d68                USBD_StdItfReq
 .text.USBD_StdEPReq
                0x08007da0      0x11c build/usbd_ctlreq.o
                0x08007da0                USBD_StdEPReq
 .text.USBD_GetString
                0x08007ebc       0x3c build/usbd_ctlreq.o
                0x08007ebc                USBD_GetString
 .text.USBD_CtlSendData
                0x08007ef8       0x1c build/usbd_ioreq.o
                0x08007ef8                USBD_CtlSendData
 .text.USBD_CtlContinueSendData
                0x08007f14       0x10 build/usbd_ioreq.o
                0x08007f14                USBD_CtlContinueSendData
 .text.USBD_CtlPrepareRx
                0x08007f24       0x20 build/usbd_ioreq.o
                0x08007f24                USBD_CtlPrepareRx
 .text.USBD_CtlContinueRx
                0x08007f44       0x10 build/usbd_ioreq.o
                0x08007f44                USBD_CtlContinueRx
 .text.USBD_CtlSendStatus
                0x08007f54       0x18 build/usbd_ioreq.o
                0x08007f54                USBD_CtlSendStatus
 .text.USBD_CtlReceiveStatus
                0x08007f6c       0x18 build/usbd_ioreq.o
                0x08007f6c                USBD_CtlReceiveStatus
 .text.USBD_CDC_DataIn
                0x08007f84       0x14 build/usbd_cdc.o
 .text.USBD_CDC_EP0_RxReady
                0x08007f98       0x28 build/usbd_cdc.o
 .text.USBD_CDC_GetFSCfgDesc
                0x08007fc0        0xc build/usbd_cdc.o
 .text.USBD_CDC_GetHSCfgDesc
                0x08007fcc        0xc build/usbd_cdc.o
 .text.USBD_CDC_GetOtherSpeedCfgDesc
                0x08007fd8        0xc build/usbd_cdc.o
 .text.USBD_CDC_GetDeviceQualifierDescriptor
                0x08007fe4        0xc build/usbd_cdc.o
                0x08007fe4                USBD_CDC_GetDeviceQualifierDescriptor
 .text.USBD_CDC_DataOut
                0x08007ff0       0x30 build/usbd_cdc.o
 .text.USBD_CDC_Setup
                0x08008020       0x74 build/usbd_cdc.o
 .text.USBD_CDC_DeInit
                0x08008094       0x3c build/usbd_cdc.o
 .text.USBD_CDC_Init
                0x080080d0       0x98 build/usbd_cdc.o
 .text.USBD_CDC_RegisterInterface
                0x08008168       0x10 build/usbd_cdc.o
                0x08008168                USBD_CDC_RegisterInterface
 .text.USBD_CDC_SetTxBuffer
                0x08008178       0x10 build/usbd_cdc.o
                0x08008178                USBD_CDC_SetTxBuffer
 .text.USBD_CDC_SetRxBuffer
                0x08008188        0xc build/usbd_cdc.o
                0x08008188                USBD_CDC_SetRxBuffer
 .text.USBD_CDC_TransmitPacket
                0x08008194       0x30 build/usbd_cdc.o
                0x08008194                USBD_CDC_TransmitPacket
 .text.USBD_CDC_ReceivePacket
                0x080081c4       0x34 build/usbd_cdc.o
                0x080081c4                USBD_CDC_ReceivePacket
 .text.HAL_CAN_Init
                0x080081f8      0x154 build/stm32f4xx_hal_can.o
                0x080081f8                HAL_CAN_Init
 .text.HAL_CAN_ConfigFilter
                0x0800834c      0x12c build/stm32f4xx_hal_can.o
                0x0800834c                HAL_CAN_ConfigFilter
 .text.HAL_CAN_Start
                0x08008478       0x60 build/stm32f4xx_hal_can.o
                0x08008478                HAL_CAN_Start
 .text.HAL_CAN_AddTxMessage
                0x080084d8       0xf0 build/stm32f4xx_hal_can.o
                0x080084d8                HAL_CAN_AddTxMessage
 .text.HAL_CAN_AbortTxRequest
                0x080085c8       0x58 build/stm32f4xx_hal_can.o
                0x080085c8                HAL_CAN_AbortTxRequest
 .text.HAL_CAN_GetRxMessage
                0x08008620      0x140 build/stm32f4xx_hal_can.o
                0x08008620                HAL_CAN_GetRxMessage
 .text.HAL_CAN_ActivateNotification
                0x08008760       0x2c build/stm32f4xx_hal_can.o
                0x08008760                HAL_CAN_ActivateNotification
 .text.HAL_CAN_TxMailbox1CompleteCallback
                0x0800878c        0x4 build/stm32f4xx_hal_can.o
                0x0800878c                HAL_CAN_TxMailbox1CompleteCallback
 .text.HAL_CAN_TxMailbox2CompleteCallback
                0x08008790        0x4 build/stm32f4xx_hal_can.o
                0x08008790                HAL_CAN_TxMailbox2CompleteCallback
 .text.HAL_CAN_TxMailbox1AbortCallback
                0x08008794        0x4 build/stm32f4xx_hal_can.o
                0x08008794                HAL_CAN_TxMailbox1AbortCallback
 .text.HAL_CAN_TxMailbox2AbortCallback
                0x08008798        0x4 build/stm32f4xx_hal_can.o
                0x08008798                HAL_CAN_TxMailbox2AbortCallback
 .text.HAL_CAN_RxFifo0FullCallback
                0x0800879c        0x4 build/stm32f4xx_hal_can.o
                0x0800879c                HAL_CAN_RxFifo0FullCallback
 .text.HAL_CAN_RxFifo1FullCallback
                0x080087a0        0x4 build/stm32f4xx_hal_can.o
                0x080087a0                HAL_CAN_RxFifo1FullCallback
 .text.HAL_CAN_SleepCallback
                0x080087a4        0x4 build/stm32f4xx_hal_can.o
                0x080087a4                HAL_CAN_SleepCallback
 .text.HAL_CAN_WakeUpFromRxMsgCallback
                0x080087a8        0x4 build/stm32f4xx_hal_can.o
                0x080087a8                HAL_CAN_WakeUpFromRxMsgCallback
 .text.HAL_CAN_IRQHandler
                0x080087ac      0x250 build/stm32f4xx_hal_can.o
                0x080087ac                HAL_CAN_IRQHandler
 .text.ADC_Init
                0x080089fc      0x12c build/stm32f4xx_hal_adc.o
 .text.HAL_ADC_Init
                0x08008b28       0x54 build/stm32f4xx_hal_adc.o
                0x08008b28                HAL_ADC_Init
 .text.HAL_ADC_Start_DMA
                0x08008b7c      0x140 build/stm32f4xx_hal_adc.o
                0x08008b7c                HAL_ADC_Start_DMA
 .text.ADC_DMAConvCplt
                0x08008cbc       0x64 build/stm32f4xx_hal_adc.o
 .text.ADC_DMAHalfConvCplt
                0x08008d20        0xc build/stm32f4xx_hal_adc.o
 .text.HAL_ADC_LevelOutOfWindowCallback
                0x08008d2c        0x4 build/stm32f4xx_hal_adc.o
                0x08008d2c                HAL_ADC_LevelOutOfWindowCallback
 .text.HAL_ADC_ErrorCallback
                0x08008d30        0x4 build/stm32f4xx_hal_adc.o
                0x08008d30                HAL_ADC_ErrorCallback
 .text.HAL_ADC_IRQHandler
                0x08008d34      0x14c build/stm32f4xx_hal_adc.o
                0x08008d34                HAL_ADC_IRQHandler
 .text.ADC_DMAError
                0x08008e80       0x18 build/stm32f4xx_hal_adc.o
 .text.HAL_ADC_ConfigChannel
                0x08008e98      0x18c build/stm32f4xx_hal_adc.o
                0x08008e98                HAL_ADC_ConfigChannel
 .text.HAL_ADCEx_InjectedConvCpltCallback
                0x08009024        0x4 build/stm32f4xx_hal_adc_ex.o
                0x08009024                HAL_ADCEx_InjectedConvCpltCallback
 .text.StartSerialTaskSend
                0x08009028       0x94 build/SerialTaskSend.o
                0x08009028                StartSerialTaskSend
 .text.xSerialTaskSendAdd
                0x080090bc       0x6c build/SerialTaskSend.o
                0x080090bc                xSerialTaskSendAdd
 .text.xSerialTaskSendCreate
                0x08009128       0x48 build/SerialTaskSend.o
                0x08009128                xSerialTaskSendCreate
 .text.HAL_UART_TxCpltCallback
                0x08009170       0x78 build/SerialTaskSend.o
                0x08009170                HAL_UART_TxCpltCallback
 .text.vSerialTaskSendQueueBuf
                0x080091e8       0x28 build/SerialTaskSend.o
                0x080091e8                vSerialTaskSendQueueBuf
 .text.step_ptr
                0x08009210       0x18 build/cdc_txbuff.o
 .text.pbuff_init
                0x08009228       0x18 build/cdc_txbuff.o
 .text.poll     0x08009240       0x68 build/cdc_txbuff.o
 .text.cdc_txbuff_callback
                0x080092a8       0x2c build/cdc_txbuff.o
                0x080092a8                cdc_txbuff_callback
 .text.xCdcTxTaskSendCreate
                0x080092d4       0x78 build/cdc_txbuff.o
                0x080092d4                xCdcTxTaskSendCreate
 .text.cdc_txbuff_init
                0x0800934c       0x70 build/cdc_txbuff.o
                0x0800934c                cdc_txbuff_init
 .text.cdc_txbuff_poll
                0x080093bc       0x18 build/cdc_txbuff.o
                0x080093bc                cdc_txbuff_poll
 .text.cdc_txbuff_add
                0x080093d4       0xb4 build/cdc_txbuff.o
 .text.StartCdcTxTaskSend
                0x08009488       0x30 build/cdc_txbuff.o
                0x08009488                StartCdcTxTaskSend
 .text.DTW_counter_init
                0x080094b8       0x20 build/DTW_counter.o
                0x080094b8                DTW_counter_init
 .text.StartCanTxTask
                0x080094d8       0x3c build/CanTask.o
                0x080094d8                StartCanTxTask
 .text.StartCanRxTask
                0x08009514       0x14 build/CanTask.o
                0x08009514                StartCanRxTask
 .text.xCanTxTaskCreate
                0x08009528       0x48 build/CanTask.o
                0x08009528                xCanTxTaskCreate
 .text.canmsg_compress
                0x08009570       0x4c build/can_iface.o
 .text.moveremove2
                0x080095bc       0x14 build/can_iface.o
 .text.loadmbx2
                0x080095d0       0x54 build/can_iface.o
 .text.can_iface_add_take
                0x08009624       0x30 build/can_iface.o
                0x08009624                can_iface_add_take
 .text.can_iface_mbx_init
                0x08009654       0x1c build/can_iface.o
                0x08009654                can_iface_mbx_init
 .text.can_iface_get_CANmsg
                0x08009670       0x2c build/can_iface.o
                0x08009670                can_iface_get_CANmsg
 .text.can_iface_init
                0x0800969c       0xfc build/can_iface.o
                0x0800969c                can_iface_init
 .text.can_driver_put
                0x08009798       0xc8 build/can_iface.o
                0x08009798                can_driver_put
 .text.getpctl  0x08009860       0x24 build/can_iface.o
                0x08009860                getpctl
 .text.unloadfifo
                0x08009884       0x98 build/can_iface.o
 .text.HAL_CAN_TxMailbox0CompleteCallback
                0x0800991c       0x60 build/can_iface.o
                0x0800991c                HAL_CAN_TxMailbox0CompleteCallback
 .text.HAL_CAN_TxMailbox0AbortCallback
                0x0800997c       0x14 build/can_iface.o
                0x0800997c                HAL_CAN_TxMailbox0AbortCallback
 .text.HAL_CAN_ErrorCallback
                0x08009990       0x70 build/can_iface.o
                0x08009990                HAL_CAN_ErrorCallback
 .text.HAL_CAN_RxFifo0MsgPendingCallback
                0x08009a00        0xc build/can_iface.o
                0x08009a00                HAL_CAN_RxFifo0MsgPendingCallback
 .text.HAL_CAN_RxFifo1MsgPendingCallback
                0x08009a0c        0xc build/can_iface.o
                0x08009a0c                HAL_CAN_RxFifo1MsgPendingCallback
 .text.canfilter_setup_first
                0x08009a18       0x60 build/canfilter_setup.o
                0x08009a18                canfilter_setup_first
 .text.getserialbuf
                0x08009a78       0x64 build/getserialbuf.o
                0x08009a78                getserialbuf
 .text.yprintf_init
                0x08009adc       0x3c build/yprintf.o
                0x08009adc                yprintf_init
 .text.yprintf  0x08009b18       0x78 build/yprintf.o
                0x08009b18                yprintf
 .text.hex      0x08009b90       0x24 build/gateway_CANtoPC.o
 .text.gateway_CANtoPC
                0x08009bb4       0x9c build/gateway_CANtoPC.o
                0x08009bb4                gateway_CANtoPC
 .text.advancebuf
                0x08009c50       0x58 build/SerialTaskReceive.o
 .text.advanceptr
                0x08009ca8       0x28 build/SerialTaskReceive.o
 .text.unloaddma
                0x08009cd0       0x40 build/SerialTaskReceive.o
 .text.StartSerialTaskReceive
                0x08009d10       0x54 build/SerialTaskReceive.o
                0x08009d10                StartSerialTaskReceive
 .text.xSerialTaskRxAdduart
                0x08009d64      0x128 build/SerialTaskReceive.o
                0x08009d64                xSerialTaskRxAdduart
 .text.xSerialTaskReceiveCreate
                0x08009e8c       0x28 build/SerialTaskReceive.o
                0x08009e8c                xSerialTaskReceiveCreate
 .text.HAL_UART_RxCpltCallback
                0x08009eb4       0x6c build/SerialTaskReceive.o
                0x08009eb4                HAL_UART_RxCpltCallback
 .text.HAL_UART_RxHalfCpltCallback
                0x08009f20        0x8 build/SerialTaskReceive.o
                0x08009f20                HAL_UART_RxHalfCpltCallback
 .text.HAL_UART_ErrorCallback
                0x08009f28       0x1c build/SerialTaskReceive.o
                0x08009f28                HAL_UART_ErrorCallback
 .text.new_init
                0x08009f44       0x14 build/gateway_PCtoCAN.o
 .text.gateway_PCtoCAN_init
                0x08009f58       0x20 build/gateway_PCtoCAN.o
                0x08009f58                gateway_PCtoCAN_init
 .text.gateway_PCtoCAN_unloaddma
                0x08009f78      0x1e4 build/gateway_PCtoCAN.o
                0x08009f78                gateway_PCtoCAN_unloaddma
 .text.gateway_PCtoCAN_getCAN
                0x0800a15c       0x24 build/gateway_PCtoCAN.o
                0x0800a15c                gateway_PCtoCAN_getCAN
 .text.delay    0x0800a180       0x2c build/morse.o
 .text.morse_generate
                0x0800a1ac       0x68 build/morse.o
 .text.morse_number
                0x0800a214       0x50 build/morse.o
                0x0800a214                morse_number
 .text.morse_trap
                0x0800a264       0x1c build/morse.o
                0x0800a264                morse_trap
 .text.payload_extract
                0x0800a280      0x130 build/payload_extract.o
                0x0800a280                payload_extract
 .text.lookup   0x0800a3b0       0x28 build/MailboxTask.o
 .text.loadmbx  0x0800a3d8       0x4c build/MailboxTask.o
 .text.StartMailboxTask
                0x0800a424       0xbc build/MailboxTask.o
                0x0800a424                StartMailboxTask
 .text.MailboxTask_add_CANlist
                0x0800a4e0       0xa4 build/MailboxTask.o
                0x0800a4e0                MailboxTask_add_CANlist
 .text.xMailboxTaskCreate
                0x0800a584       0x38 build/MailboxTask.o
                0x0800a584                xMailboxTaskCreate
 .text.StartGatewayTask
                0x0800a5bc      0x16c build/GatewayTask.o
                0x0800a5bc                StartGatewayTask
 .text.xGatewayTaskCreate
                0x0800a728       0x38 build/GatewayTask.o
                0x0800a728                xGatewayTaskCreate
 .text.adctask_init
                0x0800a760       0x74 build/adctask.o
                0x0800a760                adctask_init
 .text.HAL_ADC_ConvHalfCpltCallback
                0x0800a7d4       0x4c build/adctask.o
                0x0800a7d4                HAL_ADC_ConvHalfCpltCallback
 .text.HAL_ADC_ConvCpltCallback
                0x0800a820       0x4c build/adctask.o
                0x0800a820                HAL_ADC_ConvCpltCallback
 .text.StartADCTask
                0x0800a86c       0x70 build/ADCTask.o
                0x0800a86c                StartADCTask
 .text.xADCTaskCreate
                0x0800a8dc       0x38 build/ADCTask.o
                0x0800a8dc                xADCTaskCreate
 .text.adcparams_init
                0x0800a914       0x18 build/adcparams.o
                0x0800a914                adcparams_init
 .text.adcparams_internal
                0x0800a92c       0xb8 build/adcparams.o
                0x0800a92c                adcparams_internal
 .text.stackwatermark_show
                0x0800a9e4       0x1c build/stackwatermark.o
                0x0800a9e4                stackwatermark_show
 .text.adcfastsum16
                0x0800aa00       0x94 build/adcfastsum16.o
                0x0800aa00                adcfastsum16
 .text.adcparamsinit_init_common
                0x0800aa94       0xa4 build/adcparamsinit.o
                0x0800aa94                adcparamsinit_init_common
 .text.adcparamsinit_init
                0x0800ab38      0x174 build/adcparamsinit.o
                0x0800ab38                adcparamsinit_init
 .text.iir_f1_f
                0x0800acac       0x38 build/iir_f1.o
                0x0800acac                iir_f1_f
 .text.Reset_Handler
                0x0800ace4       0x50 build/startup_stm32f407xx.o
                0x0800ace4                Reset_Handler
 .text.Default_Handler
                0x0800ad34        0x2 build/startup_stm32f407xx.o
                0x0800ad34                RTC_Alarm_IRQHandler
                0x0800ad34                HASH_RNG_IRQHandler
                0x0800ad34                EXTI2_IRQHandler
                0x0800ad34                TIM8_CC_IRQHandler
                0x0800ad34                TIM1_CC_IRQHandler
                0x0800ad34                DMA2_Stream5_IRQHandler
                0x0800ad34                PVD_IRQHandler
                0x0800ad34                SDIO_IRQHandler
                0x0800ad34                TAMP_STAMP_IRQHandler
                0x0800ad34                EXTI3_IRQHandler
                0x0800ad34                TIM8_TRG_COM_TIM14_IRQHandler
                0x0800ad34                TIM1_UP_TIM10_IRQHandler
                0x0800ad34                TIM8_UP_TIM13_IRQHandler
                0x0800ad34                I2C3_ER_IRQHandler
                0x0800ad34                EXTI0_IRQHandler
                0x0800ad34                I2C2_EV_IRQHandler
                0x0800ad34                DMA1_Stream2_IRQHandler
                0x0800ad34                FPU_IRQHandler
                0x0800ad34                OTG_HS_WKUP_IRQHandler
                0x0800ad34                CAN2_SCE_IRQHandler
                0x0800ad34                DMA2_Stream2_IRQHandler
                0x0800ad34                SPI1_IRQHandler
                0x0800ad34                TIM6_DAC_IRQHandler
                0x0800ad34                TIM1_BRK_TIM9_IRQHandler
                0x0800ad34                DCMI_IRQHandler
                0x0800ad34                DMA2_Stream3_IRQHandler
                0x0800ad34                USART3_IRQHandler
                0x0800ad34                UART5_IRQHandler
                0x0800ad34                TIM4_IRQHandler
                0x0800ad34                I2C1_EV_IRQHandler
                0x0800ad34                DMA1_Stream1_IRQHandler
                0x0800ad34                UART4_IRQHandler
                0x0800ad34                TIM3_IRQHandler
                0x0800ad34                RCC_IRQHandler
                0x0800ad34                TIM8_BRK_TIM12_IRQHandler
                0x0800ad34                Default_Handler
                0x0800ad34                EXTI15_10_IRQHandler
                0x0800ad34                DMA1_Stream7_IRQHandler
                0x0800ad34                TIM7_IRQHandler
                0x0800ad34                DMA2_Stream7_IRQHandler
                0x0800ad34                I2C3_EV_IRQHandler
                0x0800ad34                EXTI9_5_IRQHandler
                0x0800ad34                RTC_WKUP_IRQHandler
                0x0800ad34                ETH_WKUP_IRQHandler
                0x0800ad34                SPI2_IRQHandler
                0x0800ad34                OTG_HS_EP1_IN_IRQHandler
                0x0800ad34                DMA1_Stream0_IRQHandler
                0x0800ad34                EXTI4_IRQHandler
                0x0800ad34                FSMC_IRQHandler
                0x0800ad34                ETH_IRQHandler
                0x0800ad34                OTG_HS_EP1_OUT_IRQHandler
                0x0800ad34                WWDG_IRQHandler
                0x0800ad34                TIM2_IRQHandler
                0x0800ad34                OTG_FS_WKUP_IRQHandler
                0x0800ad34                TIM1_TRG_COM_TIM11_IRQHandler
                0x0800ad34                OTG_HS_IRQHandler
                0x0800ad34                EXTI1_IRQHandler
                0x0800ad34                I2C2_ER_IRQHandler
                0x0800ad34                CAN1_SCE_IRQHandler
                0x0800ad34                FLASH_IRQHandler
                0x0800ad34                DMA2_Stream4_IRQHandler
                0x0800ad34                USART1_IRQHandler
                0x0800ad34                SPI3_IRQHandler
                0x0800ad34                DMA1_Stream4_IRQHandler
                0x0800ad34                I2C1_ER_IRQHandler
                0x0800ad34                DMA1_Stream3_IRQHandler
 *fill*         0x0800ad36        0x2 
 .text.calloc   0x0800ad38       0x10 /home/deh/launchpad/gcc-arm-none-eabi-5_4-2016q3/bin/../lib/gcc/arm-none-eabi/5.4.1/../../../../arm-none-eabi/lib/armv7e-m/fpu/libc.a(lib_a-calloc.o)
                0x0800ad38                calloc
 .text._calloc_r
                0x0800ad48       0x60 /home/deh/launchpad/gcc-arm-none-eabi-5_4-2016q3/bin/../lib/gcc/arm-none-eabi/5.4.1/../../../../arm-none-eabi/lib/armv7e-m/fpu/libc.a(lib_a-callocr.o)
                0x0800ad48                _calloc_r
 .text.__libc_init_array
                0x0800ada8       0x50 /home/deh/launchpad/gcc-arm-none-eabi-5_4-2016q3/bin/../lib/gcc/arm-none-eabi/5.4.1/../../../../arm-none-eabi/lib/armv7e-m/fpu/libc.a(lib_a-init.o)
                0x0800ada8                __libc_init_array
 .text.malloc   0x0800adf8       0x10 /home/deh/launchpad/gcc-arm-none-eabi-5_4-2016q3/bin/../lib/gcc/arm-none-eabi/5.4.1/../../../../arm-none-eabi/lib/armv7e-m/fpu/libc.a(lib_a-malloc.o)
                0x0800adf8                malloc
 .text.free     0x0800ae08       0x10 /home/deh/launchpad/gcc-arm-none-eabi-5_4-2016q3/bin/../lib/gcc/arm-none-eabi/5.4.1/../../../../arm-none-eabi/lib/armv7e-m/fpu/libc.a(lib_a-malloc.o)
                0x0800ae08                free
 .text._malloc_r
                0x0800ae18      0x570 /home/deh/launchpad/gcc-arm-none-eabi-5_4-2016q3/bin/../lib/gcc/arm-none-eabi/5.4.1/../../../../arm-none-eabi/lib/armv7e-m/fpu/libc.a(lib_a-mallocr.o)
                0x0800ae18                _malloc_r
 .text.memset   0x0800b388       0x9c /home/deh/launchpad/gcc-arm-none-eabi-5_4-2016q3/bin/../lib/gcc/arm-none-eabi/5.4.1/../../../../arm-none-eabi/lib/armv7e-m/fpu/libc.a(lib_a-memset.o)
                0x0800b388                memset
 .text.__malloc_lock
                0x0800b424        0x4 /home/deh/launchpad/gcc-arm-none-eabi-5_4-2016q3/bin/../lib/gcc/arm-none-eabi/5.4.1/../../../../arm-none-eabi/lib/armv7e-m/fpu/libc.a(lib_a-mlock.o)
                0x0800b424                __malloc_lock
 .text.__malloc_unlock
                0x0800b428        0x4 /home/deh/launchpad/gcc-arm-none-eabi-5_4-2016q3/bin/../lib/gcc/arm-none-eabi/5.4.1/../../../../arm-none-eabi/lib/armv7e-m/fpu/libc.a(lib_a-mlock.o)
                0x0800b428                __malloc_unlock
 .text._sbrk_r  0x0800b42c       0x24 /home/deh/launchpad/gcc-arm-none-eabi-5_4-2016q3/bin/../lib/gcc/arm-none-eabi/5.4.1/../../../../arm-none-eabi/lib/armv7e-m/fpu/libc.a(lib_a-sbrkr.o)
                0x0800b42c                _sbrk_r
 .text._vsnprintf_r
                0x0800b450       0x74 /home/deh/launchpad/gcc-arm-none-eabi-5_4-2016q3/bin/../lib/gcc/arm-none-eabi/5.4.1/../../../../arm-none-eabi/lib/armv7e-m/fpu/libc.a(lib_a-vsnprintf.o)
                0x0800b450                _vsnprintf_r
 .text.vsnprintf
                0x0800b4c4       0x20 /home/deh/launchpad/gcc-arm-none-eabi-5_4-2016q3/bin/../lib/gcc/arm-none-eabi/5.4.1/../../../../arm-none-eabi/lib/armv7e-m/fpu/libc.a(lib_a-vsnprintf.o)
                0x0800b4c4                vsnprintf
 .text.startup.register_fini
                0x0800b4e4       0x14 /home/deh/launchpad/gcc-arm-none-eabi-5_4-2016q3/bin/../lib/gcc/arm-none-eabi/5.4.1/../../../../arm-none-eabi/lib/armv7e-m/fpu/libc.a(lib_a-__call_atexit.o)
 .text.atexit   0x0800b4f8        0xc /home/deh/launchpad/gcc-arm-none-eabi-5_4-2016q3/bin/../lib/gcc/arm-none-eabi/5.4.1/../../../../arm-none-eabi/lib/armv7e-m/fpu/libc.a(lib_a-atexit.o)
                0x0800b4f8                atexit
 .text.__libc_fini_array
                0x0800b504       0x28 /home/deh/launchpad/gcc-arm-none-eabi-5_4-2016q3/bin/../lib/gcc/arm-none-eabi/5.4.1/../../../../arm-none-eabi/lib/armv7e-m/fpu/libc.a(lib_a-fini.o)
                0x0800b504                __libc_fini_array
 .text._malloc_trim_r
                0x0800b52c       0x9c /home/deh/launchpad/gcc-arm-none-eabi-5_4-2016q3/bin/../lib/gcc/arm-none-eabi/5.4.1/../../../../arm-none-eabi/lib/armv7e-m/fpu/libc.a(lib_a-freer.o)
                0x0800b52c                _malloc_trim_r
 .text._free_r  0x0800b5c8      0x1d0 /home/deh/launchpad/gcc-arm-none-eabi-5_4-2016q3/bin/../lib/gcc/arm-none-eabi/5.4.1/../../../../arm-none-eabi/lib/armv7e-m/fpu/libc.a(lib_a-freer.o)
                0x0800b5c8                _free_r
 .text._svfprintf_r
                0x0800b798     0x16e4 /home/deh/launchpad/gcc-arm-none-eabi-5_4-2016q3/bin/../lib/gcc/arm-none-eabi/5.4.1/../../../../arm-none-eabi/lib/armv7e-m/fpu/libc.a(lib_a-svfprintf.o)
                0x0800b798                _svfprintf_r
 .text.__register_exitproc
                0x0800ce7c       0xa4 /home/deh/launchpad/gcc-arm-none-eabi-5_4-2016q3/bin/../lib/gcc/arm-none-eabi/5.4.1/../../../../arm-none-eabi/lib/armv7e-m/fpu/libc.a(lib_a-__atexit.o)
                0x0800ce7c                __register_exitproc
 .text.quorem   0x0800cf20      0x128 /home/deh/launchpad/gcc-arm-none-eabi-5_4-2016q3/bin/../lib/gcc/arm-none-eabi/5.4.1/../../../../arm-none-eabi/lib/armv7e-m/fpu/libc.a(lib_a-dtoa.o)
 .text._dtoa_r  0x0800d048      0xe34 /home/deh/launchpad/gcc-arm-none-eabi-5_4-2016q3/bin/../lib/gcc/arm-none-eabi/5.4.1/../../../../arm-none-eabi/lib/armv7e-m/fpu/libc.a(lib_a-dtoa.o)
                0x0800d048                _dtoa_r
 .text._localeconv_r
                0x0800de7c       0x1c /home/deh/launchpad/gcc-arm-none-eabi-5_4-2016q3/bin/../lib/gcc/arm-none-eabi/5.4.1/../../../../arm-none-eabi/lib/armv7e-m/fpu/libc.a(lib_a-localeconv.o)
                0x0800de7c                _localeconv_r
 .text.__ascii_mbtowc
                0x0800de98       0x2c /home/deh/launchpad/gcc-arm-none-eabi-5_4-2016q3/bin/../lib/gcc/arm-none-eabi/5.4.1/../../../../arm-none-eabi/lib/armv7e-m/fpu/libc.a(lib_a-mbtowc_r.o)
                0x0800de98                __ascii_mbtowc
 .text._Balloc  0x0800dec4       0x4c /home/deh/launchpad/gcc-arm-none-eabi-5_4-2016q3/bin/../lib/gcc/arm-none-eabi/5.4.1/../../../../arm-none-eabi/lib/armv7e-m/fpu/libc.a(lib_a-mprec.o)
                0x0800dec4                _Balloc
 .text._Bfree   0x0800df10       0x14 /home/deh/launchpad/gcc-arm-none-eabi-5_4-2016q3/bin/../lib/gcc/arm-none-eabi/5.4.1/../../../../arm-none-eabi/lib/armv7e-m/fpu/libc.a(lib_a-mprec.o)
                0x0800df10                _Bfree
 .text.__multadd
                0x0800df24       0x80 /home/deh/launchpad/gcc-arm-none-eabi-5_4-2016q3/bin/../lib/gcc/arm-none-eabi/5.4.1/../../../../arm-none-eabi/lib/armv7e-m/fpu/libc.a(lib_a-mprec.o)
                0x0800df24                __multadd
 .text.__hi0bits
                0x0800dfa4       0x40 /home/deh/launchpad/gcc-arm-none-eabi-5_4-2016q3/bin/../lib/gcc/arm-none-eabi/5.4.1/../../../../arm-none-eabi/lib/armv7e-m/fpu/libc.a(lib_a-mprec.o)
                0x0800dfa4                __hi0bits
 .text.__lo0bits
                0x0800dfe4       0x5c /home/deh/launchpad/gcc-arm-none-eabi-5_4-2016q3/bin/../lib/gcc/arm-none-eabi/5.4.1/../../../../arm-none-eabi/lib/armv7e-m/fpu/libc.a(lib_a-mprec.o)
                0x0800dfe4                __lo0bits
 .text.__i2b    0x0800e040       0x14 /home/deh/launchpad/gcc-arm-none-eabi-5_4-2016q3/bin/../lib/gcc/arm-none-eabi/5.4.1/../../../../arm-none-eabi/lib/armv7e-m/fpu/libc.a(lib_a-mprec.o)
                0x0800e040                __i2b
 .text.__multiply
                0x0800e054      0x130 /home/deh/launchpad/gcc-arm-none-eabi-5_4-2016q3/bin/../lib/gcc/arm-none-eabi/5.4.1/../../../../arm-none-eabi/lib/armv7e-m/fpu/libc.a(lib_a-mprec.o)
                0x0800e054                __multiply
 .text.__pow5mult
                0x0800e184       0xa0 /home/deh/launchpad/gcc-arm-none-eabi-5_4-2016q3/bin/../lib/gcc/arm-none-eabi/5.4.1/../../../../arm-none-eabi/lib/armv7e-m/fpu/libc.a(lib_a-mprec.o)
                0x0800e184                __pow5mult
 .text.__lshift
                0x0800e224       0xb0 /home/deh/launchpad/gcc-arm-none-eabi-5_4-2016q3/bin/../lib/gcc/arm-none-eabi/5.4.1/../../../../arm-none-eabi/lib/armv7e-m/fpu/libc.a(lib_a-mprec.o)
                0x0800e224                __lshift
 .text.__mcmp   0x0800e2d4       0x44 /home/deh/launchpad/gcc-arm-none-eabi-5_4-2016q3/bin/../lib/gcc/arm-none-eabi/5.4.1/../../../../arm-none-eabi/lib/armv7e-m/fpu/libc.a(lib_a-mprec.o)
                0x0800e2d4                __mcmp
 .text.__mdiff  0x0800e318      0x114 /home/deh/launchpad/gcc-arm-none-eabi-5_4-2016q3/bin/../lib/gcc/arm-none-eabi/5.4.1/../../../../arm-none-eabi/lib/armv7e-m/fpu/libc.a(lib_a-mprec.o)
                0x0800e318                __mdiff
 .text.__d2b    0x0800e42c       0xbc /home/deh/launchpad/gcc-arm-none-eabi-5_4-2016q3/bin/../lib/gcc/arm-none-eabi/5.4.1/../../../../arm-none-eabi/lib/armv7e-m/fpu/libc.a(lib_a-mprec.o)
                0x0800e42c                __d2b
 .text.__ssprint_r
                0x0800e4e8      0x100 /home/deh/launchpad/gcc-arm-none-eabi-5_4-2016q3/bin/../lib/gcc/arm-none-eabi/5.4.1/../../../../arm-none-eabi/lib/armv7e-m/fpu/libc.a(lib_a-svfiprintf.o)
                0x0800e4e8                __ssprint_r
 .text.__ascii_wctomb
                0x0800e5e8       0x1c /home/deh/launchpad/gcc-arm-none-eabi-5_4-2016q3/bin/../lib/gcc/arm-none-eabi/5.4.1/../../../../arm-none-eabi/lib/armv7e-m/fpu/libc.a(lib_a-wctomb_r.o)
                0x0800e5e8                __ascii_wctomb
 .text.memmove  0x0800e604       0xc8 /home/deh/launchpad/gcc-arm-none-eabi-5_4-2016q3/bin/../lib/gcc/arm-none-eabi/5.4.1/../../../../arm-none-eabi/lib/armv7e-m/fpu/libc.a(lib_a-memmove.o)
                0x0800e604                memmove
 .text._realloc_r
                0x0800e6cc      0x3e0 /home/deh/launchpad/gcc-arm-none-eabi-5_4-2016q3/bin/../lib/gcc/arm-none-eabi/5.4.1/../../../../arm-none-eabi/lib/armv7e-m/fpu/libc.a(lib_a-reallocr.o)
                0x0800e6cc                _realloc_r
 .text._sbrk    0x0800eaac       0x1c /home/deh/launchpad/gcc-arm-none-eabi-5_4-2016q3/bin/../lib/gcc/arm-none-eabi/5.4.1/../../../../arm-none-eabi/lib/armv7e-m/fpu/libnosys.a(sbrk.o)
                0x0800eaac                _sbrk
 *(.glue_7)
 .glue_7        0x0800eac8        0x0 linker stubs
 *(.glue_7t)
 .glue_7t       0x0800eac8        0x0 linker stubs
 *(.eh_frame)
 .eh_frame      0x0800eac8        0x0 /home/deh/launchpad/gcc-arm-none-eabi-5_4-2016q3/bin/../lib/gcc/arm-none-eabi/5.4.1/armv7e-m/fpu/crtbegin.o
 *(.init)
 .init          0x0800eac8        0x4 /home/deh/launchpad/gcc-arm-none-eabi-5_4-2016q3/bin/../lib/gcc/arm-none-eabi/5.4.1/armv7e-m/fpu/crti.o
                0x0800eac8                _init
 .init          0x0800eacc        0x8 /home/deh/launchpad/gcc-arm-none-eabi-5_4-2016q3/bin/../lib/gcc/arm-none-eabi/5.4.1/armv7e-m/fpu/crtn.o
 *(.fini)
 .fini          0x0800ead4        0x4 /home/deh/launchpad/gcc-arm-none-eabi-5_4-2016q3/bin/../lib/gcc/arm-none-eabi/5.4.1/armv7e-m/fpu/crti.o
                0x0800ead4                _fini
 .fini          0x0800ead8        0x8 /home/deh/launchpad/gcc-arm-none-eabi-5_4-2016q3/bin/../lib/gcc/arm-none-eabi/5.4.1/armv7e-m/fpu/crtn.o
                0x0800eae0                . = ALIGN (0x4)
                0x0800eae0                _etext = .

.vfp11_veneer   0x0800eae0        0x0
 .vfp11_veneer  0x0800eae0        0x0 linker stubs

.v4_bx          0x0800eae0        0x0
 .v4_bx         0x0800eae0        0x0 linker stubs

.iplt           0x0800eae0        0x0
 .iplt          0x0800eae0        0x0 /home/deh/launchpad/gcc-arm-none-eabi-5_4-2016q3/bin/../lib/gcc/arm-none-eabi/5.4.1/armv7e-m/fpu/crtbegin.o

.rodata         0x0800eae0      0x760
                0x0800eae0                . = ALIGN (0x4)
 *(.rodata)
 .rodata        0x0800eae0       0x1c build/main.o
 .rodata        0x0800eafc       0x2c build/cdc_txbuff.o
 .rodata        0x0800eb28       0x38 build/CanTask.o
 .rodata        0x0800eb60       0x1c build/MailboxTask.o
 .rodata        0x0800eb7c       0x1c build/GatewayTask.o
 .rodata        0x0800eb98       0x1c build/ADCTask.o
 *(.rodata*)
 .rodata.str1.4
                0x0800ebb4      0x104 build/main.o
 .rodata.str1.4
                0x0800ecb8       0x56 build/usbd_desc.o
 *fill*         0x0800ed0e        0x2 
 .rodata.flagBitshiftOffset.8330
                0x0800ed10        0x8 build/stm32f4xx_hal_dma.o
 .rodata.AHBPrescTable
                0x0800ed18       0x10 build/system_stm32f4xx.o
                0x0800ed18                AHBPrescTable
 .rodata.APBPrescTable
                0x0800ed28        0x8 build/system_stm32f4xx.o
                0x0800ed28                APBPrescTable
 .rodata.str1.4
                0x0800ed30        0x5 build/tasks.o
 *fill*         0x0800ed35        0x3 
 .rodata.str1.4
                0x0800ed38       0x10 build/timers.o
 .rodata.str1.4
                0x0800ed48       0x10 build/cmsis_os.o
                                  0x1 (size before relaxing)
 .rodata.str1.4
                0x0800ed48        0xf build/SerialTaskSend.o
 *fill*         0x0800ed57        0x1 
 .rodata.str1.4
                0x0800ed58        0xe build/cdc_txbuff.o
 *fill*         0x0800ed66        0x2 
 .rodata.str1.4
                0x0800ed68       0x16 build/CanTask.o
 *fill*         0x0800ed7e        0x2 
 .rodata.h      0x0800ed80       0x10 build/gateway_CANtoPC.o
 .rodata.str1.4
                0x0800ed90       0x17 build/SerialTaskReceive.o
 *fill*         0x0800eda7        0x1 
 .rodata.hexbin
                0x0800eda8      0x100 build/gateway_PCtoCAN.o
                0x0800eda8                hexbin
 .rodata.mrse   0x0800eea8       0x90 build/morse.o
                0x0800eea8                mrse
 .rodata.str1.4
                0x0800ef38        0xc build/MailboxTask.o
 .rodata.str1.4
                0x0800ef44       0x58 build/GatewayTask.o
 .rodata.str1.4
                0x0800ef9c        0x8 build/ADCTask.o
 .rodata.str1.4
                0x0800efa4       0x10 build/stackwatermark.o
 .rodata._global_impure_ptr
                0x0800efb4        0x4 /home/deh/launchpad/gcc-arm-none-eabi-5_4-2016q3/bin/../lib/gcc/arm-none-eabi/5.4.1/../../../../arm-none-eabi/lib/armv7e-m/fpu/libc.a(lib_a-impure.o)
                0x0800efb4                _global_impure_ptr
 .rodata.zeroes.7258
                0x0800efb8       0x10 /home/deh/launchpad/gcc-arm-none-eabi-5_4-2016q3/bin/../lib/gcc/arm-none-eabi/5.4.1/../../../../arm-none-eabi/lib/armv7e-m/fpu/libc.a(lib_a-svfprintf.o)
 .rodata.str1.4
                0x0800efc8       0x42 /home/deh/launchpad/gcc-arm-none-eabi-5_4-2016q3/bin/../lib/gcc/arm-none-eabi/5.4.1/../../../../arm-none-eabi/lib/armv7e-m/fpu/libc.a(lib_a-svfprintf.o)
 *fill*         0x0800f00a        0x2 
 .rodata.blanks.7257
                0x0800f00c       0x10 /home/deh/launchpad/gcc-arm-none-eabi-5_4-2016q3/bin/../lib/gcc/arm-none-eabi/5.4.1/../../../../arm-none-eabi/lib/armv7e-m/fpu/libc.a(lib_a-svfprintf.o)
 .rodata.str1.4
                0x0800f01c       0x10 /home/deh/launchpad/gcc-arm-none-eabi-5_4-2016q3/bin/../lib/gcc/arm-none-eabi/5.4.1/../../../../arm-none-eabi/lib/armv7e-m/fpu/libc.a(lib_a-dtoa.o)
                                 0x12 (size before relaxing)
 .rodata.str1.4
                0x0800f02c       0x10 /home/deh/launchpad/gcc-arm-none-eabi-5_4-2016q3/bin/../lib/gcc/arm-none-eabi/5.4.1/../../../../arm-none-eabi/lib/armv7e-m/fpu/libc.a(lib_a-locale.o)
                                 0x12 (size before relaxing)
 *fill*         0x0800f03c        0x4 
 .rodata.__mprec_tens
                0x0800f040       0xc8 /home/deh/launchpad/gcc-arm-none-eabi-5_4-2016q3/bin/../lib/gcc/arm-none-eabi/5.4.1/../../../../arm-none-eabi/lib/armv7e-m/fpu/libc.a(lib_a-mprec.o)
                0x0800f040                __mprec_tens
 .rodata.__mprec_bigtens
                0x0800f108       0x28 /home/deh/launchpad/gcc-arm-none-eabi-5_4-2016q3/bin/../lib/gcc/arm-none-eabi/5.4.1/../../../../arm-none-eabi/lib/armv7e-m/fpu/libc.a(lib_a-mprec.o)
                0x0800f108                __mprec_bigtens
 .rodata.p05.6087
                0x0800f130        0xc /home/deh/launchpad/gcc-arm-none-eabi-5_4-2016q3/bin/../lib/gcc/arm-none-eabi/5.4.1/../../../../arm-none-eabi/lib/armv7e-m/fpu/libc.a(lib_a-mprec.o)
 .rodata._ctype_
                0x0800f13c      0x101 /home/deh/launchpad/gcc-arm-none-eabi-5_4-2016q3/bin/../lib/gcc/arm-none-eabi/5.4.1/../../../../arm-none-eabi/lib/armv7e-m/fpu/libc.a(lib_a-ctype_.o)
                0x0800f13c                _ctype_
                0x0800f240                . = ALIGN (0x4)
 *fill*         0x0800f23d        0x3 

.ARM.extab
 *(.ARM.extab* .gnu.linkonce.armextab.*)

.ARM            0x0800f240        0x8
                0x0800f240                __exidx_start = .
 *(.ARM.exidx*)
 .ARM.exidx     0x0800f240        0x8 /home/deh/launchpad/gcc-arm-none-eabi-5_4-2016q3/bin/../lib/gcc/arm-none-eabi/5.4.1/armv7e-m/fpu/libgcc.a(_udivmoddi4.o)
                0x0800f248                __exidx_end = .

.rel.dyn        0x0800f248        0x0
 .rel.iplt      0x0800f248        0x0 /home/deh/launchpad/gcc-arm-none-eabi-5_4-2016q3/bin/../lib/gcc/arm-none-eabi/5.4.1/armv7e-m/fpu/crtbegin.o

.preinit_array  0x0800f248        0x0
                0x0800f248                PROVIDE (__preinit_array_start, .)
 *(.preinit_array*)
                0x0800f248                PROVIDE (__preinit_array_end, .)

.init_array     0x0800f248        0x8
                0x0800f248                PROVIDE (__init_array_start, .)
 *(SORT(.init_array.*))
 .init_array.00000
                0x0800f248        0x4 /home/deh/launchpad/gcc-arm-none-eabi-5_4-2016q3/bin/../lib/gcc/arm-none-eabi/5.4.1/../../../../arm-none-eabi/lib/armv7e-m/fpu/libc.a(lib_a-__call_atexit.o)
 *(.init_array*)
 .init_array    0x0800f24c        0x4 /home/deh/launchpad/gcc-arm-none-eabi-5_4-2016q3/bin/../lib/gcc/arm-none-eabi/5.4.1/armv7e-m/fpu/crtbegin.o
                0x0800f250                PROVIDE (__init_array_end, .)

.fini_array     0x0800f250        0x4
                0x0800f250                PROVIDE (__fini_array_start, .)
 *(SORT(.fini_array.*))
 *(.fini_array*)
 .fini_array    0x0800f250        0x4 /home/deh/launchpad/gcc-arm-none-eabi-5_4-2016q3/bin/../lib/gcc/arm-none-eabi/5.4.1/armv7e-m/fpu/crtbegin.o
                0x0800f254                PROVIDE (__fini_array_end, .)
                0x0800f254                _sidata = LOADADDR (.data)

.data           0x20000000      0xb08 load address 0x0800f254
                0x20000000                . = ALIGN (0x4)
                0x20000000                _sdata = .
 *(.data)
 *(.data*)
 .data.FS_Desc  0x20000000       0x1c build/usbd_desc.o
                0x20000000                FS_Desc
 .data.USBD_LangIDDesc
                0x2000001c        0x4 build/usbd_desc.o
                0x2000001c                USBD_LangIDDesc
 .data.USBD_FS_DeviceDesc
                0x20000020       0x12 build/usbd_desc.o
                0x20000020                USBD_FS_DeviceDesc
 *fill*         0x20000032        0x2 
 .data.USBD_Interface_fops_FS
                0x20000034       0x10 build/usbd_cdc_if.o
                0x20000034                USBD_Interface_fops_FS
 .data.uwTickFreq
                0x20000044        0x1 build/stm32f4xx_hal.o
                0x20000044                uwTickFreq
 *fill*         0x20000045        0x3 
 .data.SystemCoreClock
                0x20000048        0x4 build/system_stm32f4xx.o
                0x20000048                SystemCoreClock
 .data.uxCriticalNesting
                0x2000004c        0x4 build/port.o
 .data.USBD_CDC_CfgFSDesc
                0x20000050       0x43 build/usbd_cdc.o
                0x20000050                USBD_CDC_CfgFSDesc
 *fill*         0x20000093        0x1 
 .data.USBD_CDC
                0x20000094       0x38 build/usbd_cdc.o
                0x20000094                USBD_CDC
 .data.USBD_CDC_DeviceQualifierDesc
                0x200000cc        0xa build/usbd_cdc.o
 *fill*         0x200000d6        0x2 
 .data.USBD_CDC_OtherSpeedCfgDesc
                0x200000d8       0x43 build/usbd_cdc.o
                0x200000d8                USBD_CDC_OtherSpeedCfgDesc
 *fill*         0x2000011b        0x1 
 .data.USBD_CDC_CfgHSDesc
                0x2000011c       0x43 build/usbd_cdc.o
                0x2000011c                USBD_CDC_CfgHSDesc
 *fill*         0x2000015f        0x1 
 .data.impure_data
                0x20000160      0x428 /home/deh/launchpad/gcc-arm-none-eabi-5_4-2016q3/bin/../lib/gcc/arm-none-eabi/5.4.1/../../../../arm-none-eabi/lib/armv7e-m/fpu/libc.a(lib_a-impure.o)
 .data._impure_ptr
                0x20000588        0x4 /home/deh/launchpad/gcc-arm-none-eabi-5_4-2016q3/bin/../lib/gcc/arm-none-eabi/5.4.1/../../../../arm-none-eabi/lib/armv7e-m/fpu/libc.a(lib_a-impure.o)
                0x20000588                _impure_ptr
 .data.__malloc_av_
                0x2000058c      0x408 /home/deh/launchpad/gcc-arm-none-eabi-5_4-2016q3/bin/../lib/gcc/arm-none-eabi/5.4.1/../../../../arm-none-eabi/lib/armv7e-m/fpu/libc.a(lib_a-mallocr.o)
                0x2000058c                __malloc_av_
 .data.__malloc_trim_threshold
                0x20000994        0x4 /home/deh/launchpad/gcc-arm-none-eabi-5_4-2016q3/bin/../lib/gcc/arm-none-eabi/5.4.1/../../../../arm-none-eabi/lib/armv7e-m/fpu/libc.a(lib_a-mallocr.o)
                0x20000994                __malloc_trim_threshold
 .data.__malloc_sbrk_base
                0x20000998        0x4 /home/deh/launchpad/gcc-arm-none-eabi-5_4-2016q3/bin/../lib/gcc/arm-none-eabi/5.4.1/../../../../arm-none-eabi/lib/armv7e-m/fpu/libc.a(lib_a-mallocr.o)
                0x20000998                __malloc_sbrk_base
 .data.__global_locale
                0x2000099c      0x16c /home/deh/launchpad/gcc-arm-none-eabi-5_4-2016q3/bin/../lib/gcc/arm-none-eabi/5.4.1/../../../../arm-none-eabi/lib/armv7e-m/fpu/libc.a(lib_a-locale.o)
                0x2000099c                __global_locale
                0x20000b08                . = ALIGN (0x4)
                0x20000b08                _edata = .
                0x0800fd5c                _siccmram = LOADADDR (.ccmram)

.jcr            0x20000b08        0x0 load address 0x0800fd5c
 .jcr           0x20000b08        0x0 /home/deh/launchpad/gcc-arm-none-eabi-5_4-2016q3/bin/../lib/gcc/arm-none-eabi/5.4.1/armv7e-m/fpu/crtbegin.o

.igot.plt       0x20000b08        0x0 load address 0x0800fd5c
 .igot.plt      0x20000b08        0x0 /home/deh/launchpad/gcc-arm-none-eabi-5_4-2016q3/bin/../lib/gcc/arm-none-eabi/5.4.1/armv7e-m/fpu/crtbegin.o

.ccmram         0x10000000        0x0 load address 0x0800fd5c
                0x10000000                . = ALIGN (0x4)
                0x10000000                _sccmram = .
 *(.ccmram)
 *(.ccmram*)
                0x10000000                . = ALIGN (0x4)
                0x10000000                _eccmram = .
                0x10000000                . = ALIGN (0x4)

.bss            0x20000b08     0x63dc
                0x20000b08                _sbss = .
                0x20000b08                __bss_start__ = _sbss
 *(.bss)
 .bss           0x20000b08       0x1c /home/deh/launchpad/gcc-arm-none-eabi-5_4-2016q3/bin/../lib/gcc/arm-none-eabi/5.4.1/armv7e-m/fpu/crtbegin.o
 *(.bss*)
 .bss.xIdleStack
                0x20000b24      0x100 build/freertos.o
 .bss.xTimerStack
                0x20000c24      0x200 build/freertos.o
 .bss.xIdleTaskTCBBuffer
                0x20000e24       0x54 build/freertos.o
 .bss.xTimerTaskTCBBuffer
                0x20000e78       0x54 build/freertos.o
 .bss.HAL_RCC_CAN1_CLK_ENABLED
                0x20000ecc        0x4 build/stm32f4xx_hal_msp.o
 .bss.pxDelayedTaskList
                0x20000ed0        0x4 build/tasks.o
 .bss.xSchedulerRunning
                0x20000ed4        0x4 build/tasks.o
 .bss.xNumOfOverflows
                0x20000ed8        0x4 build/tasks.o
 .bss.pxOverflowDelayedTaskList
                0x20000edc        0x4 build/tasks.o
 .bss.uxPendedTicks
                0x20000ee0        0x4 build/tasks.o
 .bss.pxReadyTasksLists
                0x20000ee4       0x8c build/tasks.o
 .bss.uxSchedulerSuspended
                0x20000f70        0x4 build/tasks.o
 .bss.uxCurrentNumberOfTasks
                0x20000f74        0x4 build/tasks.o
 .bss.pxCurrentTCB
                0x20000f78        0x4 build/tasks.o
                0x20000f78                pxCurrentTCB
 .bss.xPendingReadyList
                0x20000f7c       0x14 build/tasks.o
 .bss.xTickCount
                0x20000f90        0x4 build/tasks.o
 .bss.xNextTaskUnblockTime
                0x20000f94        0x4 build/tasks.o
 .bss.uxTaskNumber
                0x20000f98        0x4 build/tasks.o
 .bss.xDelayedTaskList1
                0x20000f9c       0x14 build/tasks.o
 .bss.xDelayedTaskList2
                0x20000fb0       0x14 build/tasks.o
 .bss.xSuspendedTaskList
                0x20000fc4       0x14 build/tasks.o